../Drivers/CMSIS/Include/core_cm4.h:1676:26:__NVIC_GetPriorityGrouping	4	static
../Drivers/CMSIS/Include/core_cm4.h:1688:22:__NVIC_EnableIRQ	16	static
../Drivers/CMSIS/Include/core_cm4.h:1816:22:__NVIC_SetPriority	16	static
../Drivers/CMSIS/Include/core_cm4.h:1863:26:NVIC_EncodePriority	40	static
../Core/Src/main.c:88:5:main	8	static
../Core/Src/main.c:171:6:SystemClock_Config	88	static
../Core/Src/main.c:213:13:MX_USART1_UART_Init	8	static
../Core/Src/main.c:247:13:MX_GPIO_Init	40	static
../Core/Src/main.c:285:6:StartDefaultTask	16	static
../Core/Src/main.c:304:6:HAL_TIM_PeriodElapsedCallback	16	static
../Core/Src/main.c:321:6:Error_Handler	4	static,ignoring_inline_asm
