Archive member included to satisfy reference by file (symbol)

d:/st/stm32cubeide_1.9.0/stm32cubeide/plugins/com.st.stm32cube.ide.mcu.externaltools.gnu-tools-for-stm32.10.3-2021.10.win32_1.0.0.202111181127/tools/bin/../lib/gcc/arm-none-eabi/10.3.1/../../../../arm-none-eabi/lib/thumb/v7e-m+fp/hard\libc_nano.a(lib_a-errno.o)
                              ./Core/Src/syscalls.o (__errno)
d:/st/stm32cubeide_1.9.0/stm32cubeide/plugins/com.st.stm32cube.ide.mcu.externaltools.gnu-tools-for-stm32.10.3-2021.10.win32_1.0.0.202111181127/tools/bin/../lib/gcc/arm-none-eabi/10.3.1/../../../../arm-none-eabi/lib/thumb/v7e-m+fp/hard\libc_nano.a(lib_a-exit.o)
                              d:/st/stm32cubeide_1.9.0/stm32cubeide/plugins/com.st.stm32cube.ide.mcu.externaltools.gnu-tools-for-stm32.10.3-2021.10.win32_1.0.0.202111181127/tools/bin/../lib/gcc/arm-none-eabi/10.3.1/../../../../arm-none-eabi/lib/thumb/v7e-m+fp/hard/crt0.o (exit)
d:/st/stm32cubeide_1.9.0/stm32cubeide/plugins/com.st.stm32cube.ide.mcu.externaltools.gnu-tools-for-stm32.10.3-2021.10.win32_1.0.0.202111181127/tools/bin/../lib/gcc/arm-none-eabi/10.3.1/../../../../arm-none-eabi/lib/thumb/v7e-m+fp/hard\libc_nano.a(lib_a-findfp.o)
                              ./Middlewares/Third_Party/FreeRTOS/Source/tasks.o (__sf_fake_stderr)
d:/st/stm32cubeide_1.9.0/stm32cubeide/plugins/com.st.stm32cube.ide.mcu.externaltools.gnu-tools-for-stm32.10.3-2021.10.win32_1.0.0.202111181127/tools/bin/../lib/gcc/arm-none-eabi/10.3.1/../../../../arm-none-eabi/lib/thumb/v7e-m+fp/hard\libc_nano.a(lib_a-fwalk.o)
                              d:/st/stm32cubeide_1.9.0/stm32cubeide/plugins/com.st.stm32cube.ide.mcu.externaltools.gnu-tools-for-stm32.10.3-2021.10.win32_1.0.0.202111181127/tools/bin/../lib/gcc/arm-none-eabi/10.3.1/../../../../arm-none-eabi/lib/thumb/v7e-m+fp/hard\libc_nano.a(lib_a-findfp.o) (_fwalk)
d:/st/stm32cubeide_1.9.0/stm32cubeide/plugins/com.st.stm32cube.ide.mcu.externaltools.gnu-tools-for-stm32.10.3-2021.10.win32_1.0.0.202111181127/tools/bin/../lib/gcc/arm-none-eabi/10.3.1/../../../../arm-none-eabi/lib/thumb/v7e-m+fp/hard\libc_nano.a(lib_a-impure.o)
                              d:/st/stm32cubeide_1.9.0/stm32cubeide/plugins/com.st.stm32cube.ide.mcu.externaltools.gnu-tools-for-stm32.10.3-2021.10.win32_1.0.0.202111181127/tools/bin/../lib/gcc/arm-none-eabi/10.3.1/../../../../arm-none-eabi/lib/thumb/v7e-m+fp/hard\libc_nano.a(lib_a-exit.o) (_global_impure_ptr)
d:/st/stm32cubeide_1.9.0/stm32cubeide/plugins/com.st.stm32cube.ide.mcu.externaltools.gnu-tools-for-stm32.10.3-2021.10.win32_1.0.0.202111181127/tools/bin/../lib/gcc/arm-none-eabi/10.3.1/../../../../arm-none-eabi/lib/thumb/v7e-m+fp/hard\libc_nano.a(lib_a-init.o)
                              d:/st/stm32cubeide_1.9.0/stm32cubeide/plugins/com.st.stm32cube.ide.mcu.externaltools.gnu-tools-for-stm32.10.3-2021.10.win32_1.0.0.202111181127/tools/bin/../lib/gcc/arm-none-eabi/10.3.1/../../../../arm-none-eabi/lib/thumb/v7e-m+fp/hard/crt0.o (__libc_init_array)
d:/st/stm32cubeide_1.9.0/stm32cubeide/plugins/com.st.stm32cube.ide.mcu.externaltools.gnu-tools-for-stm32.10.3-2021.10.win32_1.0.0.202111181127/tools/bin/../lib/gcc/arm-none-eabi/10.3.1/../../../../arm-none-eabi/lib/thumb/v7e-m+fp/hard\libc_nano.a(lib_a-lock.o)
                              d:/st/stm32cubeide_1.9.0/stm32cubeide/plugins/com.st.stm32cube.ide.mcu.externaltools.gnu-tools-for-stm32.10.3-2021.10.win32_1.0.0.202111181127/tools/bin/../lib/gcc/arm-none-eabi/10.3.1/../../../../arm-none-eabi/lib/thumb/v7e-m+fp/hard\libc_nano.a(lib_a-findfp.o) (__retarget_lock_init_recursive)
d:/st/stm32cubeide_1.9.0/stm32cubeide/plugins/com.st.stm32cube.ide.mcu.externaltools.gnu-tools-for-stm32.10.3-2021.10.win32_1.0.0.202111181127/tools/bin/../lib/gcc/arm-none-eabi/10.3.1/../../../../arm-none-eabi/lib/thumb/v7e-m+fp/hard\libc_nano.a(lib_a-memcpy-stub.o)
                              ./Middlewares/Third_Party/FreeRTOS/Source/CMSIS_RTOS_V2/cmsis_os2.o (memcpy)
d:/st/stm32cubeide_1.9.0/stm32cubeide/plugins/com.st.stm32cube.ide.mcu.externaltools.gnu-tools-for-stm32.10.3-2021.10.win32_1.0.0.202111181127/tools/bin/../lib/gcc/arm-none-eabi/10.3.1/../../../../arm-none-eabi/lib/thumb/v7e-m+fp/hard\libc_nano.a(lib_a-memset.o)
                              d:/st/stm32cubeide_1.9.0/stm32cubeide/plugins/com.st.stm32cube.ide.mcu.externaltools.gnu-tools-for-stm32.10.3-2021.10.win32_1.0.0.202111181127/tools/bin/../lib/gcc/arm-none-eabi/10.3.1/../../../../arm-none-eabi/lib/thumb/v7e-m+fp/hard/crt0.o (memset)
d:/st/stm32cubeide_1.9.0/stm32cubeide/plugins/com.st.stm32cube.ide.mcu.externaltools.gnu-tools-for-stm32.10.3-2021.10.win32_1.0.0.202111181127/tools/bin/../lib/gcc/arm-none-eabi/10.3.1/../../../../arm-none-eabi/lib/thumb/v7e-m+fp/hard\libc_nano.a(lib_a-nano-mallocr.o)
[...]
Memory Configuration

Name             Origin             Length             Attributes
RAM              0x0000000020000000 0x0000000000010000 xrw
FLASH            0x0000000008000000 0x0000000000040000 xr
*default*        0x0000000000000000 0xffffffffffffffff

Linker script and memory map

LOAD d:/st/stm32cubeide_1.9.0/stm32cubeide/plugins/com.st.stm32cube.ide.mcu.externaltools.gnu-tools-for-stm32.10.3-2021.10.win32_1.0.0.202111181127/tools/bin/../lib/gcc/arm-none-eabi/10.3.1/thumb/v7e-m+fp/hard/crti.o
LOAD d:/st/stm32cubeide_1.9.0/stm32cubeide/plugins/com.st.stm32cube.ide.mcu.externaltools.gnu-tools-for-stm32.10.3-2021.10.win32_1.0.0.202111181127/tools/bin/../lib/gcc/arm-none-eabi/10.3.1/thumb/v7e-m+fp/hard/crtbegin.o
LOAD d:/st/stm32cubeide_1.9.0/stm32cubeide/plugins/com.st.stm32cube.ide.mcu.externaltools.gnu-tools-for-stm32.10.3-2021.10.win32_1.0.0.202111181127/tools/bin/../lib/gcc/arm-none-eabi/10.3.1/../../../../arm-none-eabi/lib/thumb/v7e-m+fp/hard/crt0.o
LOAD ./Core/Src/SDcard.o
LOAD ./Core/Src/fatfs_sd.o
LOAD ./Core/Src/freertos.o
LOAD ./Core/Src/gpio.o
LOAD ./Core/Src/main.o
LOAD ./Core/Src/spi.o
LOAD ./Core/Src/stm32f4xx_hal_msp.o
LOAD ./Core/Src/stm32f4xx_hal_timebase_tim.o
LOAD ./Core/Src/stm32f4xx_it.o
LOAD ./Core/Src/syscalls.o
LOAD ./Core/Src/sysmem.o
LOAD ./Core/Src/system_stm32f4xx.o
LOAD ./Core/Startup/startup_stm32f401ccux.o
LOAD ./Drivers/STM32F4xx_HAL_Driver/Src/stm32f4xx_hal.o
LOAD ./Drivers/STM32F4xx_HAL_Driver/Src/stm32f4xx_hal_cortex.o
LOAD ./Drivers/STM32F4xx_HAL_Driver/Src/stm32f4xx_hal_dma.o
LOAD ./Drivers/STM32F4xx_HAL_Driver/Src/stm32f4xx_hal_dma_ex.o
LOAD ./Drivers/STM32F4xx_HAL_Driver/Src/stm32f4xx_hal_exti.o
LOAD ./Drivers/STM32F4xx_HAL_Driver/Src/stm32f4xx_hal_flash.o
LOAD ./Drivers/STM32F4xx_HAL_Driver/Src/stm32f4xx_hal_flash_ex.o
LOAD ./Drivers/STM32F4xx_HAL_Driver/Src/stm32f4xx_hal_flash_ramfunc.o
LOAD ./Drivers/STM32F4xx_HAL_Driver/Src/stm32f4xx_hal_gpio.o
LOAD ./Drivers/STM32F4xx_HAL_Driver/Src/stm32f4xx_hal_pcd.o
LOAD ./Drivers/STM32F4xx_HAL_Driver/Src/stm32f4xx_hal_pcd_ex.o
LOAD ./Drivers/STM32F4xx_HAL_Driver/Src/stm32f4xx_hal_pwr.o
LOAD ./Drivers/STM32F4xx_HAL_Driver/Src/stm32f4xx_hal_pwr_ex.o
LOAD ./Drivers/STM32F4xx_HAL_Driver/Src/stm32f4xx_hal_rcc.o
LOAD ./Drivers/STM32F4xx_HAL_Driver/Src/stm32f4xx_hal_rcc_ex.o
LOAD ./Drivers/STM32F4xx_HAL_Driver/Src/stm32f4xx_hal_spi.o
LOAD ./Drivers/STM32F4xx_HAL_Driver/Src/stm32f4xx_hal_tim.o
LOAD ./Drivers/STM32F4xx_HAL_Driver/Src/stm32f4xx_hal_tim_ex.o
LOAD ./Drivers/STM32F4xx_HAL_Driver/Src/stm32f4xx_ll_usb.o
LOAD ./FATFS/App/fatfs.o
LOAD ./FATFS/Target/user_diskio.o
LOAD ./Middlewares/ST/STM32_USB_Device_Library/Class/CDC/Src/usbd_cdc.o
LOAD ./Middlewares/ST/STM32_USB_Device_Library/Core/Src/usbd_core.o
LOAD ./Middlewares/ST/STM32_USB_Device_Library/Core/Src/usbd_ctlreq.o
LOAD ./Middlewares/ST/STM32_USB_Device_Library/Core/Src/usbd_ioreq.o
LOAD ./Middlewares/Third_Party/FatFs/src/diskio.o
LOAD ./Middlewares/Third_Party/FatFs/src/ff.o
LOAD ./Middlewares/Third_Party/FatFs/src/ff_gen_drv.o
LOAD ./Middlewares/Third_Party/FatFs/src/option/ccsbcs.o
LOAD ./Middlewares/Third_Party/FatFs/src/option/syscall.o
LOAD ./Middlewares/Third_Party/FreeRTOS/Source/CMSIS_RTOS_V2/cmsis_os2.o
LOAD ./Middlewares/Third_Party/FreeRTOS/Source/croutine.o
LOAD ./Middlewares/Third_Party/FreeRTOS/Source/event_groups.o
LOAD ./Middlewares/Third_Party/FreeRTOS/Source/list.o
LOAD ./Middlewares/Third_Party/FreeRTOS/Source/queue.o
LOAD ./Middlewares/Third_Party/FreeRTOS/Source/stream_buffer.o
LOAD ./Middlewares/Third_Party/FreeRTOS/Source/tasks.o
LOAD ./Middlewares/Third_Party/FreeRTOS/Source/timers.o
LOAD ./Middlewares/Third_Party/FreeRTOS/Source/portable/GCC/ARM_CM4F/port.o
LOAD ./Middlewares/Third_Party/FreeRTOS/Source/portable/MemMang/heap_4.o
LOAD ./USB_DEVICE/App/usb_device.o
LOAD ./USB_DEVICE/App/usbd_cdc_if.o
LOAD ./USB_DEVICE/App/usbd_desc.o
LOAD ./USB_DEVICE/Target/usbd_conf.o
START GROUP
LOAD d:/st/stm32cubeide_1.9.0/stm32cubeide/plugins/com.st.stm32cube.ide.mcu.externaltools.gnu-tools-for-stm32.10.3-2021.10.win32_1.0.0.202111181127/tools/bin/../lib/gcc/arm-none-eabi/10.3.1/../../../../arm-none-eabi/lib/thumb/v7e-m+fp/hard\libc_nano.a
LOAD d:/st/stm32cubeide_1.9.0/stm32cubeide/plugins/com.st.stm32cube.ide.mcu.externaltools.gnu-tools-for-stm32.10.3-2021.10.win32_1.0.0.202111181127/tools/bin/../lib/gcc/arm-none-eabi/10.3.1/../../../../arm-none-eabi/lib/thumb/v7e-m+fp/hard\libm.a
END GROUP
START GROUP
LOAD d:/st/stm32cubeide_1.9.0/stm32cubeide/plugins/com.st.stm32cube.ide.mcu.externaltools.gnu-tools-for-stm32.10.3-2021.10.win32_1.0.0.202111181127/tools/bin/../lib/gcc/arm-none-eabi/10.3.1/thumb/v7e-m+fp/hard\libgcc.a
LOAD d:/st/stm32cubeide_1.9.0/stm32cubeide/plugins/com.st.stm32cube.ide.mcu.externaltools.gnu-tools-for-stm32.10.3-2021.10.win32_1.0.0.202111181127/tools/bin/../lib/gcc/arm-none-eabi/10.3.1/../../../../arm-none-eabi/lib/thumb/v7e-m+fp/hard\libc_nano.a
END GROUP
START GROUP
LOAD d:/st/stm32cubeide_1.9.0/stm32cubeide/plugins/com.st.stm32cube.ide.mcu.externaltools.gnu-tools-for-stm32.10.3-2021.10.win32_1.0.0.202111181127/tools/bin/../lib/gcc/arm-none-eabi/10.3.1/thumb/v7e-m+fp/hard\libgcc.a
LOAD d:/st/stm32cubeide_1.9.0/stm32cubeide/plugins/com.st.stm32cube.ide.mcu.externaltools.gnu-tools-for-stm32.10.3-2021.10.win32_1.0.0.202111181127/tools/bin/../lib/gcc/arm-none-eabi/10.3.1/../../../../arm-none-eabi/lib/thumb/v7e-m+fp/hard\libc_nano.a
LOAD d:/st/stm32cubeide_1.9.0/stm32cubeide/plugins/com.st.stm32cube.ide.mcu.externaltools.gnu-tools-for-stm32.10.3-2021.10.win32_1.0.0.202111181127/tools/bin/../lib/gcc/arm-none-eabi/10.3.1/../../../../arm-none-eabi/lib/thumb/v7e-m+fp/hard\libnosys.a
END GROUP
START GROUP
LOAD d:/st/stm32cubeide_1.9.0/stm32cubeide/plugins/com.st.stm32cube.ide.mcu.externaltools.gnu-tools-for-stm32.10.3-2021.10.win32_1.0.0.202111181127/tools/bin/../lib/gcc/arm-none-eabi/10.3.1/thumb/v7e-m+fp/hard\libgcc.a
LOAD d:/st/stm32cubeide_1.9.0/stm32cubeide/plugins/com.st.stm32cube.ide.mcu.externaltools.gnu-tools-for-stm32.10.3-2021.10.win32_1.0.0.202111181127/tools/bin/../lib/gcc/arm-none-eabi/10.3.1/../../../../arm-none-eabi/lib/thumb/v7e-m+fp/hard\libc_nano.a
LOAD d:/st/stm32cubeide_1.9.0/stm32cubeide/plugins/com.st.stm32cube.ide.mcu.externaltools.gnu-tools-for-stm32.10.3-2021.10.win32_1.0.0.202111181127/tools/bin/../lib/gcc/arm-none-eabi/10.3.1/../../../../arm-none-eabi/lib/thumb/v7e-m+fp/hard\libnosys.a
END GROUP
LOAD d:/st/stm32cubeide_1.9.0/stm32cubeide/plugins/com.st.stm32cube.ide.mcu.externaltools.gnu-tools-for-stm32.10.3-2021.10.win32_1.0.0.202111181127/tools/bin/../lib/gcc/arm-none-eabi/10.3.1/thumb/v7e-m+fp/hard/crtend.o
LOAD d:/st/stm32cubeide_1.9.0/stm32cubeide/plugins/com.st.stm32cube.ide.mcu.externaltools.gnu-tools-for-stm32.10.3-2021.10.win32_1.0.0.202111181127/tools/bin/../lib/gcc/arm-none-eabi/10.3.1/thumb/v7e-m+fp/hard/crtn.o
                0x0000000020010000                _estack = (ORIGIN (RAM) + LENGTH (RAM))
                0x0000000000000200                _Min_Heap_Size = 0x200
                0x0000000000000400                _Min_Stack_Size = 0x400

.isr_vector     0x0000000008000000      0x194
                0x0000000008000000                . = ALIGN (0x4)
 *(.isr_vector)
 .isr_vector    0x0000000008000000      0x194 ./Core/Startup/startup_stm32f401ccux.o
                0x0000000008000000                g_pfnVectors
                0x0000000008000194                . = ALIGN (0x4)

.text           0x00000000080001a0    0x11eb0
                0x00000000080001a0                . = ALIGN (0x4)
 *(.text)
 .text          0x00000000080001a0       0x40 d:/st/stm32cubeide_1.9.0/stm32cubeide/plugins/com.st.stm32cube.ide.mcu.externaltools.gnu-tools-for-stm32.10.3-2021.10.win32_1.0.0.202111181127/tools/bin/../lib/gcc/arm-none-eabi/10.3.1/thumb/v7e-m+fp/hard/crtbegin.o
 .text          0x00000000080001e0       0x10 d:/st/stm32cubeide_1.9.0/stm32cubeide/plugins/com.st.stm32cube.ide.mcu.externaltools.gnu-tools-for-stm32.10.3-2021.10.win32_1.0.0.202111181127/tools/bin/../lib/gcc/arm-none-eabi/10.3.1/../../../../arm-none-eabi/lib/thumb/v7e-m+fp/hard\libc_nano.a(lib_a-strlen.o)
                0x00000000080001e0                strlen
 .text          0x00000000080001f0       0xa0 d:/st/stm32cubeide_1.9.0/stm32cubeide/plugins/com.st.stm32cube.ide.mcu.externaltools.gnu-tools-for-stm32.10.3-2021.10.win32_1.0.0.202111181127/tools/bin/../lib/gcc/arm-none-eabi/10.3.1/../../../../arm-none-eabi/lib/thumb/v7e-m+fp/hard\libc_nano.a(lib_a-memchr.o)
                0x00000000080001f0                memchr
 .text          0x0000000008000290       0x30 d:/st/stm32cubeide_1.9.0/stm32cubeide/plugins/com.st.stm32cube.ide.mcu.externaltools.gnu-tools-for-stm32.10.3-2021.10.win32_1.0.0.202111181127/tools/bin/../lib/gcc/arm-none-eabi/10.3.1/thumb/v7e-m+fp/hard\libgcc.a(_aeabi_uldivmod.o)
                0x0000000008000290                __aeabi_uldivmod
 .text          0x00000000080002c0      0x2d0 d:/st/stm32cubeide_1.9.0/stm32cubeide/plugins/com.st.stm32cube.ide.mcu.externaltools.gnu-tools-for-stm32.10.3-2021.10.win32_1.0.0.202111181127/tools/bin/../lib/gcc/arm-none-eabi/10.3.1/thumb/v7e-m+fp/hard\libgcc.a(_udivmoddi4.o)
                0x00000000080002c0                __udivmoddi4
 .text          0x0000000008000590        0x4 d:/st/stm32cubeide_1.9.0/stm32cubeide/plugins/com.st.stm32cube.ide.mcu.externaltools.gnu-tools-for-stm32.10.3-2021.10.win32_1.0.0.202111181127/tools/bin/../lib/gcc/arm-none-eabi/10.3.1/thumb/v7e-m+fp/hard\libgcc.a(_dvmd_tls.o)
                0x0000000008000590                __aeabi_idiv0
                0x0000000008000590                __aeabi_ldiv0
 *(.text*)
 .text.SDcard_get_queue_handle
                0x0000000008000594       0x18 ./Core/Src/SDcard.o
                0x0000000008000594                SDcard_get_queue_handle
 .text.path_select
                0x00000000080005ac      0x2ac ./Core/Src/SDcard.o
 .text.reset_files
                0x0000000008000858      0x158 ./Core/Src/SDcard.o
 .text.SDcard_task
                0x00000000080009b0      0x2d4 ./Core/Src/SDcard.o
 .text.SDcard_start
                0x0000000008000c84       0xe8 ./Core/Src/SDcard.o
                0x0000000008000c84                SDcard_start
 .text.SELECT   0x0000000008000d6c       0x1c ./Core/Src/fatfs_sd.o
 .text.DESELECT
                0x0000000008000d88       0x1c ./Core/Src/fatfs_sd.o
 .text.SPI_TxByte
                0x0000000008000da4       0x34 ./Core/Src/fatfs_sd.o
 .text.SPI_TxBuffer
                0x0000000008000dd8       0x34 ./Core/Src/fatfs_sd.o
 .text.SPI_RxByte
                0x0000000008000e0c       0x38 ./Core/Src/fatfs_sd.o
 .text.SPI_RxBytePtr
                0x0000000008000e44       0x1c ./Core/Src/fatfs_sd.o
 .text.SD_ReadyWait
                0x0000000008000e60       0x34 ./Core/Src/fatfs_sd.o
 .text.SD_PowerOn
                0x0000000008000e94       0x84 ./Core/Src/fatfs_sd.o
 .text.SD_PowerOff
                0x0000000008000f18       0x18 ./Core/Src/fatfs_sd.o
 .text.SD_CheckPower
                0x0000000008000f30       0x18 ./Core/Src/fatfs_sd.o
 .text.SD_RxDataBlock
                0x0000000008000f48       0x5c ./Core/Src/fatfs_sd.o
 .text.SD_TxDataBlock
                0x0000000008000fa4       0x86 ./Core/Src/fatfs_sd.o
 .text.SD_SendCmd
                0x000000000800102a       0xa8 ./Core/Src/fatfs_sd.o
 *fill*         0x00000000080010d2        0x2 
 .text.SD_disk_initialize
                0x00000000080010d4      0x1cc ./Core/Src/fatfs_sd.o
                0x00000000080010d4                SD_disk_initialize
 .text.SD_disk_status
                0x00000000080012a0       0x2c ./Core/Src/fatfs_sd.o
                0x00000000080012a0                SD_disk_status
 .text.SD_disk_read
                0x00000000080012cc       0xd4 ./Core/Src/fatfs_sd.o
                0x00000000080012cc                SD_disk_read
 .text.SD_disk_write
                0x00000000080013a0      0x108 ./Core/Src/fatfs_sd.o
                0x00000000080013a0                SD_disk_write
 .text.SD_disk_ioctl
                0x00000000080014a8      0x258 ./Core/Src/fatfs_sd.o
                0x00000000080014a8                SD_disk_ioctl
 .text.MX_FREERTOS_Init
                0x0000000008001700       0x24 ./Core/Src/freertos.o
                0x0000000008001700                MX_FREERTOS_Init
 .text.StartDefaultTask
                0x0000000008001724       0x9c ./Core/Src/freertos.o
                0x0000000008001724                StartDefaultTask
 .text.send_data
                0x00000000080017c0      0x180 ./Core/Src/freertos.o
                0x00000000080017c0                send_data
 .text.start_send_data_tasks
                0x0000000008001940      0x2d8 ./Core/Src/freertos.o
 .text.MX_GPIO_Init
                0x0000000008001c18       0xd0 ./Core/Src/gpio.o
                0x0000000008001c18                MX_GPIO_Init
 .text.main     0x0000000008001ce8       0x26 ./Core/Src/main.o
                0x0000000008001ce8                main
 *fill*         0x0000000008001d0e        0x2 
 .text.SystemClock_Config
                0x0000000008001d10       0xdc ./Core/Src/main.o
                0x0000000008001d10                SystemClock_Config
 .text.HAL_TIM_PeriodElapsedCallback
                0x0000000008001dec       0x24 ./Core/Src/main.o
                0x0000000008001dec                HAL_TIM_PeriodElapsedCallback
 .text.Error_Handler
                0x0000000008001e10        0xa ./Core/Src/main.o
                0x0000000008001e10                Error_Handler
 *fill*         0x0000000008001e1a        0x2 
 .text.MX_SPI1_Init
                0x0000000008001e1c       0x6c ./Core/Src/spi.o
                0x0000000008001e1c                MX_SPI1_Init
 .text.HAL_SPI_MspInit
                0x0000000008001e88       0x90 ./Core/Src/spi.o
                0x0000000008001e88                HAL_SPI_MspInit
 .text.HAL_MspInit
                0x0000000008001f18       0x58 ./Core/Src/stm32f4xx_hal_msp.o
                0x0000000008001f18                HAL_MspInit
 .text.HAL_InitTick
                0x0000000008001f70       0xb0 ./Core/Src/stm32f4xx_hal_timebase_tim.o
                0x0000000008001f70                HAL_InitTick
 .text.NMI_Handler
                0x0000000008002020        0x6 ./Core/Src/stm32f4xx_it.o
                0x0000000008002020                NMI_Handler
 .text.HardFault_Handler
                0x0000000008002026        0x6 ./Core/Src/stm32f4xx_it.o
                0x0000000008002026                HardFault_Handler
 .text.MemManage_Handler
                0x000000000800202c        0x6 ./Core/Src/stm32f4xx_it.o
                0x000000000800202c                MemManage_Handler
 .text.BusFault_Handler
                0x0000000008002032        0x6 ./Core/Src/stm32f4xx_it.o
                0x0000000008002032                BusFault_Handler
 .text.UsageFault_Handler
                0x0000000008002038        0x6 ./Core/Src/stm32f4xx_it.o
                0x0000000008002038                UsageFault_Handler
 .text.DebugMon_Handler
                0x000000000800203e        0xe ./Core/Src/stm32f4xx_it.o
                0x000000000800203e                DebugMon_Handler
 .text.TIM1_UP_TIM10_IRQHandler
                0x000000000800204c       0x44 ./Core/Src/stm32f4xx_it.o
                0x000000000800204c                TIM1_UP_TIM10_IRQHandler
 .text.OTG_FS_IRQHandler
                0x0000000008002090       0x14 ./Core/Src/stm32f4xx_it.o
                0x0000000008002090                OTG_FS_IRQHandler
 .text._getpid  0x00000000080020a4       0x10 ./Core/Src/syscalls.o
                0x00000000080020a4                _getpid
 .text._kill    0x00000000080020b4       0x20 ./Core/Src/syscalls.o
                0x00000000080020b4                _kill
 .text._exit    0x00000000080020d4       0x14 ./Core/Src/syscalls.o
                0x00000000080020d4                _exit
 .text._read    0x00000000080020e8       0x3a ./Core/Src/syscalls.o
                0x00000000080020e8                _read
 .text._write   0x0000000008002122       0x38 ./Core/Src/syscalls.o
                0x0000000008002122                _write
 .text._close   0x000000000800215a       0x18 ./Core/Src/syscalls.o
                0x000000000800215a                _close
 .text._fstat   0x0000000008002172       0x20 ./Core/Src/syscalls.o
                0x0000000008002172                _fstat
 .text._isatty  0x0000000008002192       0x16 ./Core/Src/syscalls.o
                0x0000000008002192                _isatty
 .text._lseek   0x00000000080021a8       0x1a ./Core/Src/syscalls.o
                0x00000000080021a8                _lseek
 *fill*         0x00000000080021c2        0x2 
 .text._sbrk    0x00000000080021c4       0x6c ./Core/Src/sysmem.o
                0x00000000080021c4                _sbrk
 .text.SystemInit
                0x0000000008002230       0x24 ./Core/Src/system_stm32f4xx.o
                0x0000000008002230                SystemInit
 .text.Reset_Handler
                0x0000000008002254       0x50 ./Core/Startup/startup_stm32f401ccux.o
                0x0000000008002254                Reset_Handler
 .text.Default_Handler
                0x00000000080022a4        0x2 ./Core/Startup/startup_stm32f401ccux.o
                0x00000000080022a4                RTC_Alarm_IRQHandler
                0x00000000080022a4                EXTI2_IRQHandler
                0x00000000080022a4                SPI4_IRQHandler
                0x00000000080022a4                TIM1_CC_IRQHandler
                0x00000000080022a4                DMA2_Stream5_IRQHandler
                0x00000000080022a4                DMA1_Stream5_IRQHandler
                0x00000000080022a4                PVD_IRQHandler
                0x00000000080022a4                SDIO_IRQHandler
                0x00000000080022a4                TAMP_STAMP_IRQHandler
                0x00000000080022a4                EXTI3_IRQHandler
                0x00000000080022a4                I2C3_ER_IRQHandler
                0x00000000080022a4                EXTI0_IRQHandler
                0x00000000080022a4                I2C2_EV_IRQHandler
                0x00000000080022a4                DMA1_Stream2_IRQHandler
                0x00000000080022a4                FPU_IRQHandler
                0x00000000080022a4                DMA2_Stream2_IRQHandler
                0x00000000080022a4                SPI1_IRQHandler
                0x00000000080022a4                TIM1_BRK_TIM9_IRQHandler
                0x00000000080022a4                DMA2_Stream3_IRQHandler
                0x00000000080022a4                USART6_IRQHandler
                0x00000000080022a4                DMA2_Stream0_IRQHandler
                0x00000000080022a4                TIM4_IRQHandler
                0x00000000080022a4                I2C1_EV_IRQHandler
                0x00000000080022a4                DMA1_Stream6_IRQHandler
                0x00000000080022a4                DMA1_Stream1_IRQHandler
                0x00000000080022a4                TIM3_IRQHandler
                0x00000000080022a4                RCC_IRQHandler
                0x00000000080022a4                Default_Handler
                0x00000000080022a4                EXTI15_10_IRQHandler
                0x00000000080022a4                ADC_IRQHandler
                0x00000000080022a4                DMA1_Stream7_IRQHandler
                0x00000000080022a4                TIM5_IRQHandler
                0x00000000080022a4                DMA2_Stream7_IRQHandler
                0x00000000080022a4                I2C3_EV_IRQHandler
                0x00000000080022a4                EXTI9_5_IRQHandler
                0x00000000080022a4                RTC_WKUP_IRQHandler
                0x00000000080022a4                SPI2_IRQHandler
                0x00000000080022a4                DMA1_Stream0_IRQHandler
                0x00000000080022a4                EXTI4_IRQHandler
                0x00000000080022a4                WWDG_IRQHandler
                0x00000000080022a4                TIM2_IRQHandler
                0x00000000080022a4                OTG_FS_WKUP_IRQHandler
                0x00000000080022a4                TIM1_TRG_COM_TIM11_IRQHandler
                0x00000000080022a4                EXTI1_IRQHandler
                0x00000000080022a4                USART2_IRQHandler
                0x00000000080022a4                I2C2_ER_IRQHandler
                0x00000000080022a4                DMA2_Stream1_IRQHandler
                0x00000000080022a4                FLASH_IRQHandler
                0x00000000080022a4                DMA2_Stream4_IRQHandler
                0x00000000080022a4                USART1_IRQHandler
                0x00000000080022a4                SPI3_IRQHandler
                0x00000000080022a4                DMA1_Stream4_IRQHandler
                0x00000000080022a4                I2C1_ER_IRQHandler
                0x00000000080022a4                DMA2_Stream6_IRQHandler
                0x00000000080022a4                DMA1_Stream3_IRQHandler
 *fill*         0x00000000080022a6        0x2 
 .text.HAL_Init
                0x00000000080022a8       0x44 ./Drivers/STM32F4xx_HAL_Driver/Src/stm32f4xx_hal.o
                0x00000000080022a8                HAL_Init
 .text.HAL_IncTick
                0x00000000080022ec       0x28 ./Drivers/STM32F4xx_HAL_Driver/Src/stm32f4xx_hal.o
                0x00000000080022ec                HAL_IncTick
 .text.HAL_GetTick
                0x0000000008002314       0x18 ./Drivers/STM32F4xx_HAL_Driver/Src/stm32f4xx_hal.o
                0x0000000008002314                HAL_GetTick
 .text.HAL_Delay
                0x000000000800232c       0x48 ./Drivers/STM32F4xx_HAL_Driver/Src/stm32f4xx_hal.o
                0x000000000800232c                HAL_Delay
 .text.__NVIC_SetPriorityGrouping
                0x0000000008002374       0x48 ./Drivers/STM32F4xx_HAL_Driver/Src/stm32f4xx_hal_cortex.o
 .text.__NVIC_GetPriorityGrouping
                0x00000000080023bc       0x1c ./Drivers/STM32F4xx_HAL_Driver/Src/stm32f4xx_hal_cortex.o
 .text.__NVIC_EnableIRQ
                0x00000000080023d8       0x3c ./Drivers/STM32F4xx_HAL_Driver/Src/stm32f4xx_hal_cortex.o
 .text.__NVIC_SetPriority
                0x0000000008002414       0x54 ./Drivers/STM32F4xx_HAL_Driver/Src/stm32f4xx_hal_cortex.o
 .text.NVIC_EncodePriority
                0x0000000008002468       0x66 ./Drivers/STM32F4xx_HAL_Driver/Src/stm32f4xx_hal_cortex.o
 .text.HAL_NVIC_SetPriorityGrouping
                0x00000000080024ce       0x16 ./Drivers/STM32F4xx_HAL_Driver/Src/stm32f4xx_hal_cortex.o
                0x00000000080024ce                HAL_NVIC_SetPriorityGrouping
 .text.HAL_NVIC_SetPriority
                0x00000000080024e4       0x38 ./Drivers/STM32F4xx_HAL_Driver/Src/stm32f4xx_hal_cortex.o
                0x00000000080024e4                HAL_NVIC_SetPriority
 .text.HAL_NVIC_EnableIRQ
                0x000000000800251c       0x1c ./Drivers/STM32F4xx_HAL_Driver/Src/stm32f4xx_hal_cortex.o
                0x000000000800251c                HAL_NVIC_EnableIRQ
 .text.HAL_GPIO_Init
                0x0000000008002538      0x308 ./Drivers/STM32F4xx_HAL_Driver/Src/stm32f4xx_hal_gpio.o
                0x0000000008002538                HAL_GPIO_Init
 .text.HAL_GPIO_WritePin
                0x0000000008002840       0x32 ./Drivers/STM32F4xx_HAL_Driver/Src/stm32f4xx_hal_gpio.o
                0x0000000008002840                HAL_GPIO_WritePin
 .text.HAL_PCD_Init
                0x0000000008002872      0x23a ./Drivers/STM32F4xx_HAL_Driver/Src/stm32f4xx_hal_pcd.o
                0x0000000008002872                HAL_PCD_Init
 .text.HAL_PCD_Start
                0x0000000008002aac       0x66 ./Drivers/STM32F4xx_HAL_Driver/Src/stm32f4xx_hal_pcd.o
                0x0000000008002aac                HAL_PCD_Start
 .text.HAL_PCD_IRQHandler
                0x0000000008002b12      0x93e ./Drivers/STM32F4xx_HAL_Driver/Src/stm32f4xx_hal_pcd.o
                0x0000000008002b12                HAL_PCD_IRQHandler
 .text.HAL_PCD_SetAddress
                0x0000000008003450       0x4a ./Drivers/STM32F4xx_HAL_Driver/Src/stm32f4xx_hal_pcd.o
                0x0000000008003450                HAL_PCD_SetAddress
 .text.HAL_PCD_EP_Open
                0x000000000800349a       0xd0 ./Drivers/STM32F4xx_HAL_Driver/Src/stm32f4xx_hal_pcd.o
                0x000000000800349a                HAL_PCD_EP_Open
 .text.HAL_PCD_EP_Close
                0x000000000800356a       0x94 ./Drivers/STM32F4xx_HAL_Driver/Src/stm32f4xx_hal_pcd.o
                0x000000000800356a                HAL_PCD_EP_Close
 .text.HAL_PCD_EP_Receive
                0x00000000080035fe       0x96 ./Drivers/STM32F4xx_HAL_Driver/Src/stm32f4xx_hal_pcd.o
                0x00000000080035fe                HAL_PCD_EP_Receive
 .text.HAL_PCD_EP_GetRxCount
                0x0000000008003694       0x30 ./Drivers/STM32F4xx_HAL_Driver/Src/stm32f4xx_hal_pcd.o
                0x0000000008003694                HAL_PCD_EP_GetRxCount
 .text.HAL_PCD_EP_Transmit
                0x00000000080036c4       0x94 ./Drivers/STM32F4xx_HAL_Driver/Src/stm32f4xx_hal_pcd.o
                0x00000000080036c4                HAL_PCD_EP_Transmit
 .text.HAL_PCD_EP_SetStall
                0x0000000008003758       0xc8 ./Drivers/STM32F4xx_HAL_Driver/Src/stm32f4xx_hal_pcd.o
                0x0000000008003758                HAL_PCD_EP_SetStall
 .text.HAL_PCD_EP_ClrStall
                0x0000000008003820       0xac ./Drivers/STM32F4xx_HAL_Driver/Src/stm32f4xx_hal_pcd.o
                0x0000000008003820                HAL_PCD_EP_ClrStall
 .text.HAL_PCD_EP_Abort
                0x00000000080038cc       0x62 ./Drivers/STM32F4xx_HAL_Driver/Src/stm32f4xx_hal_pcd.o
                0x00000000080038cc                HAL_PCD_EP_Abort
 .text.PCD_WriteEmptyTxFifo
                0x000000000800392e      0x11a ./Drivers/STM32F4xx_HAL_Driver/Src/stm32f4xx_hal_pcd.o
 .text.PCD_EP_OutXfrComplete_int
                0x0000000008003a48      0x1d0 ./Drivers/STM32F4xx_HAL_Driver/Src/stm32f4xx_hal_pcd.o
 .text.PCD_EP_OutSetupPacket_int
                0x0000000008003c18       0x8c ./Drivers/STM32F4xx_HAL_Driver/Src/stm32f4xx_hal_pcd.o
 .text.HAL_PCDEx_SetTxFiFo
                0x0000000008003ca4       0x8e ./Drivers/STM32F4xx_HAL_Driver/Src/stm32f4xx_hal_pcd_ex.o
                0x0000000008003ca4                HAL_PCDEx_SetTxFiFo
 .text.HAL_PCDEx_SetRxFiFo
                0x0000000008003d32       0x22 ./Drivers/STM32F4xx_HAL_Driver/Src/stm32f4xx_hal_pcd_ex.o
                0x0000000008003d32                HAL_PCDEx_SetRxFiFo
 .text.HAL_PCDEx_LPM_Callback
                0x0000000008003d54       0x18 ./Drivers/STM32F4xx_HAL_Driver/Src/stm32f4xx_hal_pcd_ex.o
                0x0000000008003d54                HAL_PCDEx_LPM_Callback
 .text.HAL_RCC_OscConfig
                0x0000000008003d6c      0x4f0 ./Drivers/STM32F4xx_HAL_Driver/Src/stm32f4xx_hal_rcc.o
                0x0000000008003d6c                HAL_RCC_OscConfig
 .text.HAL_RCC_ClockConfig
                0x000000000800425c      0x1cc ./Drivers/STM32F4xx_HAL_Driver/Src/stm32f4xx_hal_rcc.o
                0x000000000800425c                HAL_RCC_ClockConfig
 .text.HAL_RCC_GetSysClockFreq
                0x0000000008004428      0x18c ./Drivers/STM32F4xx_HAL_Driver/Src/stm32f4xx_hal_rcc.o
                0x0000000008004428                HAL_RCC_GetSysClockFreq
 .text.HAL_RCC_GetHCLKFreq
                0x00000000080045b4       0x18 ./Drivers/STM32F4xx_HAL_Driver/Src/stm32f4xx_hal_rcc.o
                0x00000000080045b4                HAL_RCC_GetHCLKFreq
 .text.HAL_RCC_GetPCLK2Freq
                0x00000000080045cc       0x28 ./Drivers/STM32F4xx_HAL_Driver/Src/stm32f4xx_hal_rcc.o
                0x00000000080045cc                HAL_RCC_GetPCLK2Freq
 .text.HAL_RCC_GetClockConfig
                0x00000000080045f4       0x64 ./Drivers/STM32F4xx_HAL_Driver/Src/stm32f4xx_hal_rcc.o
                0x00000000080045f4                HAL_RCC_GetClockConfig
 .text.HAL_SPI_Init
                0x0000000008004658      0x112 ./Drivers/STM32F4xx_HAL_Driver/Src/stm32f4xx_hal_spi.o
                0x0000000008004658                HAL_SPI_Init
 .text.HAL_SPI_Transmit
                0x000000000800476a      0x278 ./Drivers/STM32F4xx_HAL_Driver/Src/stm32f4xx_hal_spi.o
                0x000000000800476a                HAL_SPI_Transmit
 .text.HAL_SPI_TransmitReceive
                0x00000000080049e2      0x344 ./Drivers/STM32F4xx_HAL_Driver/Src/stm32f4xx_hal_spi.o
                0x00000000080049e2                HAL_SPI_TransmitReceive
 *fill*         0x0000000008004d26        0x2 
 .text.SPI_WaitFlagStateUntilTimeout
                0x0000000008004d28      0x110 ./Drivers/STM32F4xx_HAL_Driver/Src/stm32f4xx_hal_spi.o
 .text.SPI_EndRxTxTransaction
                0x0000000008004e38       0x84 ./Drivers/STM32F4xx_HAL_Driver/Src/stm32f4xx_hal_spi.o
 .text.HAL_TIM_Base_Init
                0x0000000008004ebc       0x9e ./Drivers/STM32F4xx_HAL_Driver/Src/stm32f4xx_hal_tim.o
                0x0000000008004ebc                HAL_TIM_Base_Init
 .text.HAL_TIM_Base_MspInit
                0x0000000008004f5a       0x14 ./Drivers/STM32F4xx_HAL_Driver/Src/stm32f4xx_hal_tim.o
                0x0000000008004f5a                HAL_TIM_Base_MspInit
 *fill*         0x0000000008004f6e        0x2 
 .text.HAL_TIM_Base_Start_IT
                0x0000000008004f70       0xc4 ./Drivers/STM32F4xx_HAL_Driver/Src/stm32f4xx_hal_tim.o
                0x0000000008004f70                HAL_TIM_Base_Start_IT
 .text.HAL_TIM_IRQHandler
                0x0000000008005034      0x210 ./Drivers/STM32F4xx_HAL_Driver/Src/stm32f4xx_hal_tim.o
                0x0000000008005034                HAL_TIM_IRQHandler
 .text.HAL_TIM_OC_DelayElapsedCallback
                0x0000000008005244       0x14 ./Drivers/STM32F4xx_HAL_Driver/Src/stm32f4xx_hal_tim.o
                0x0000000008005244                HAL_TIM_OC_DelayElapsedCallback
 .text.HAL_TIM_IC_CaptureCallback
                0x0000000008005258       0x14 ./Drivers/STM32F4xx_HAL_Driver/Src/stm32f4xx_hal_tim.o
                0x0000000008005258                HAL_TIM_IC_CaptureCallback
 .text.HAL_TIM_PWM_PulseFinishedCallback
                0x000000000800526c       0x14 ./Drivers/STM32F4xx_HAL_Driver/Src/stm32f4xx_hal_tim.o
                0x000000000800526c                HAL_TIM_PWM_PulseFinishedCallback
 .text.HAL_TIM_TriggerCallback
                0x0000000008005280       0x14 ./Drivers/STM32F4xx_HAL_Driver/Src/stm32f4xx_hal_tim.o
                0x0000000008005280                HAL_TIM_TriggerCallback
 .text.TIM_Base_SetConfig
                0x0000000008005294      0x100 ./Drivers/STM32F4xx_HAL_Driver/Src/stm32f4xx_hal_tim.o
                0x0000000008005294                TIM_Base_SetConfig
 .text.HAL_TIMEx_CommutCallback
                0x0000000008005394       0x14 ./Drivers/STM32F4xx_HAL_Driver/Src/stm32f4xx_hal_tim_ex.o
                0x0000000008005394                HAL_TIMEx_CommutCallback
 .text.HAL_TIMEx_BreakCallback
                0x00000000080053a8       0x14 ./Drivers/STM32F4xx_HAL_Driver/Src/stm32f4xx_hal_tim_ex.o
                0x00000000080053a8                HAL_TIMEx_BreakCallback
 .text.USB_CoreInit
                0x00000000080053bc       0xc2 ./Drivers/STM32F4xx_HAL_Driver/Src/stm32f4xx_ll_usb.o
                0x00000000080053bc                USB_CoreInit
 *fill*         0x000000000800547e        0x2 
 .text.USB_SetTurnaroundTime
                0x0000000008005480      0x144 ./Drivers/STM32F4xx_HAL_Driver/Src/stm32f4xx_ll_usb.o
                0x0000000008005480                USB_SetTurnaroundTime
 .text.USB_EnableGlobalInt
                0x00000000080055c4       0x22 ./Drivers/STM32F4xx_HAL_Driver/Src/stm32f4xx_ll_usb.o
                0x00000000080055c4                USB_EnableGlobalInt
 .text.USB_DisableGlobalInt
                0x00000000080055e6       0x22 ./Drivers/STM32F4xx_HAL_Driver/Src/stm32f4xx_ll_usb.o
                0x00000000080055e6                USB_DisableGlobalInt
 .text.USB_SetCurrentMode
                0x0000000008005608       0x98 ./Drivers/STM32F4xx_HAL_Driver/Src/stm32f4xx_ll_usb.o
                0x0000000008005608                USB_SetCurrentMode
 .text.USB_DevInit
                0x00000000080056a0      0x2c8 ./Drivers/STM32F4xx_HAL_Driver/Src/stm32f4xx_ll_usb.o
                0x00000000080056a0                USB_DevInit
 .text.USB_FlushTxFifo
                0x0000000008005968       0x68 ./Drivers/STM32F4xx_HAL_Driver/Src/stm32f4xx_ll_usb.o
                0x0000000008005968                USB_FlushTxFifo
 .text.USB_FlushRxFifo
                0x00000000080059d0       0x60 ./Drivers/STM32F4xx_HAL_Driver/Src/stm32f4xx_ll_usb.o
                0x00000000080059d0                USB_FlushRxFifo
 .text.USB_SetDevSpeed
                0x0000000008005a30       0x32 ./Drivers/STM32F4xx_HAL_Driver/Src/stm32f4xx_ll_usb.o
                0x0000000008005a30                USB_SetDevSpeed
 .text.USB_GetDevSpeed
                0x0000000008005a62       0x4a ./Drivers/STM32F4xx_HAL_Driver/Src/stm32f4xx_ll_usb.o
                0x0000000008005a62                USB_GetDevSpeed
 .text.USB_ActivateEndpoint
                0x0000000008005aac      0x10e ./Drivers/STM32F4xx_HAL_Driver/Src/stm32f4xx_ll_usb.o
                0x0000000008005aac                USB_ActivateEndpoint
 *fill*         0x0000000008005bba        0x2 
 .text.USB_DeactivateEndpoint
                0x0000000008005bbc      0x1b8 ./Drivers/STM32F4xx_HAL_Driver/Src/stm32f4xx_ll_usb.o
                0x0000000008005bbc                USB_DeactivateEndpoint
 .text.USB_EPStartXfer
                0x0000000008005d74      0x490 ./Drivers/STM32F4xx_HAL_Driver/Src/stm32f4xx_ll_usb.o
                0x0000000008005d74                USB_EPStartXfer
 .text.USB_EP0StartXfer
                0x0000000008006204      0x2b0 ./Drivers/STM32F4xx_HAL_Driver/Src/stm32f4xx_ll_usb.o
                0x0000000008006204                USB_EP0StartXfer
 .text.USB_EPStopXfer
                0x00000000080064b4      0x154 ./Drivers/STM32F4xx_HAL_Driver/Src/stm32f4xx_ll_usb.o
                0x00000000080064b4                USB_EPStopXfer
 .text.USB_WritePacket
                0x0000000008006608       0x7c ./Drivers/STM32F4xx_HAL_Driver/Src/stm32f4xx_ll_usb.o
                0x0000000008006608                USB_WritePacket
 .text.USB_ReadPacket
                0x0000000008006684       0xb0 ./Drivers/STM32F4xx_HAL_Driver/Src/stm32f4xx_ll_usb.o
                0x0000000008006684                USB_ReadPacket
 .text.USB_EPSetStall
                0x0000000008006734       0xdc ./Drivers/STM32F4xx_HAL_Driver/Src/stm32f4xx_ll_usb.o
                0x0000000008006734                USB_EPSetStall
 .text.USB_EPClearStall
                0x0000000008006810       0xcc ./Drivers/STM32F4xx_HAL_Driver/Src/stm32f4xx_ll_usb.o
                0x0000000008006810                USB_EPClearStall
 .text.USB_SetDevAddress
                0x00000000080068dc       0x4c ./Drivers/STM32F4xx_HAL_Driver/Src/stm32f4xx_ll_usb.o
                0x00000000080068dc                USB_SetDevAddress
 .text.USB_DevConnect
                0x0000000008006928       0x42 ./Drivers/STM32F4xx_HAL_Driver/Src/stm32f4xx_ll_usb.o
                0x0000000008006928                USB_DevConnect
 .text.USB_DevDisconnect
                0x000000000800696a       0x42 ./Drivers/STM32F4xx_HAL_Driver/Src/stm32f4xx_ll_usb.o
                0x000000000800696a                USB_DevDisconnect
 .text.USB_ReadInterrupts
                0x00000000080069ac       0x26 ./Drivers/STM32F4xx_HAL_Driver/Src/stm32f4xx_ll_usb.o
                0x00000000080069ac                USB_ReadInterrupts
 .text.USB_ReadDevAllOutEpInterrupt
                0x00000000080069d2       0x34 ./Drivers/STM32F4xx_HAL_Driver/Src/stm32f4xx_ll_usb.o
                0x00000000080069d2                USB_ReadDevAllOutEpInterrupt
 .text.USB_ReadDevAllInEpInterrupt
                0x0000000008006a06       0x34 ./Drivers/STM32F4xx_HAL_Driver/Src/stm32f4xx_ll_usb.o
                0x0000000008006a06                USB_ReadDevAllInEpInterrupt
 .text.USB_ReadDevOutEPInterrupt
                0x0000000008006a3a       0x3c ./Drivers/STM32F4xx_HAL_Driver/Src/stm32f4xx_ll_usb.o
                0x0000000008006a3a                USB_ReadDevOutEPInterrupt
 .text.USB_ReadDevInEPInterrupt
                0x0000000008006a76       0x5c ./Drivers/STM32F4xx_HAL_Driver/Src/stm32f4xx_ll_usb.o
                0x0000000008006a76                USB_ReadDevInEPInterrupt
 .text.USB_GetMode
                0x0000000008006ad2       0x1c ./Drivers/STM32F4xx_HAL_Driver/Src/stm32f4xx_ll_usb.o
                0x0000000008006ad2                USB_GetMode
 .text.USB_ActivateSetup
                0x0000000008006aee       0x46 ./Drivers/STM32F4xx_HAL_Driver/Src/stm32f4xx_ll_usb.o
                0x0000000008006aee                USB_ActivateSetup
 .text.USB_EP0_OutStart
                0x0000000008006b34       0xbc ./Drivers/STM32F4xx_HAL_Driver/Src/stm32f4xx_ll_usb.o
                0x0000000008006b34                USB_EP0_OutStart
 .text.USB_CoreReset
                0x0000000008006bf0       0x68 ./Drivers/STM32F4xx_HAL_Driver/Src/stm32f4xx_ll_usb.o
 .text.MX_FATFS_Init
                0x0000000008006c58       0x24 ./FATFS/App/fatfs.o
                0x0000000008006c58                MX_FATFS_Init
 .text.get_fattime
                0x0000000008006c7c       0x10 ./FATFS/App/fatfs.o
                0x0000000008006c7c                get_fattime
 .text.USER_initialize
                0x0000000008006c8c       0x1e ./FATFS/Target/user_diskio.o
                0x0000000008006c8c                USER_initialize
 .text.USER_status
                0x0000000008006caa       0x1e ./FATFS/Target/user_diskio.o
                0x0000000008006caa                USER_status
 .text.USER_read
                0x0000000008006cc8       0x28 ./FATFS/Target/user_diskio.o
                0x0000000008006cc8                USER_read
 .text.USER_write
                0x0000000008006cf0       0x28 ./FATFS/Target/user_diskio.o
                0x0000000008006cf0                USER_write
 .text.USER_ioctl
                0x0000000008006d18       0x28 ./FATFS/Target/user_diskio.o
                0x0000000008006d18                USER_ioctl
 .text.USBD_CDC_Init
                0x0000000008006d40      0x1f0 ./Middlewares/ST/STM32_USB_Device_Library/Class/CDC/Src/usbd_cdc.o
 .text.USBD_CDC_DeInit
                0x0000000008006f30      0x104 ./Middlewares/ST/STM32_USB_Device_Library/Class/CDC/Src/usbd_cdc.o
 .text.USBD_CDC_Setup
                0x0000000008007034      0x1b8 ./Middlewares/ST/STM32_USB_Device_Library/Class/CDC/Src/usbd_cdc.o
 .text.USBD_CDC_DataIn
                0x00000000080071ec       0xfe ./Middlewares/ST/STM32_USB_Device_Library/Class/CDC/Src/usbd_cdc.o
 .text.USBD_CDC_DataOut
                0x00000000080072ea       0x70 ./Middlewares/ST/STM32_USB_Device_Library/Class/CDC/Src/usbd_cdc.o
 .text.USBD_CDC_EP0_RxReady
                0x000000000800735a       0x76 ./Middlewares/ST/STM32_USB_Device_Library/Class/CDC/Src/usbd_cdc.o
 .text.USBD_CDC_GetFSCfgDesc
                0x00000000080073d0       0x70 ./Middlewares/ST/STM32_USB_Device_Library/Class/CDC/Src/usbd_cdc.o
 .text.USBD_CDC_GetHSCfgDesc
                0x0000000008007440       0x70 ./Middlewares/ST/STM32_USB_Device_Library/Class/CDC/Src/usbd_cdc.o
 .text.USBD_CDC_GetOtherSpeedCfgDesc
                0x00000000080074b0       0x70 ./Middlewares/ST/STM32_USB_Device_Library/Class/CDC/Src/usbd_cdc.o
 .text.USBD_CDC_GetDeviceQualifierDescriptor
                0x0000000008007520       0x20 ./Middlewares/ST/STM32_USB_Device_Library/Class/CDC/Src/usbd_cdc.o
                0x0000000008007520                USBD_CDC_GetDeviceQualifierDescriptor
 .text.USBD_CDC_RegisterInterface
                0x0000000008007540       0x34 ./Middlewares/ST/STM32_USB_Device_Library/Class/CDC/Src/usbd_cdc.o
                0x0000000008007540                USBD_CDC_RegisterInterface
 .text.USBD_CDC_SetTxBuffer
                0x0000000008007574       0x44 ./Middlewares/ST/STM32_USB_Device_Library/Class/CDC/Src/usbd_cdc.o
                0x0000000008007574                USBD_CDC_SetTxBuffer
 .text.USBD_CDC_SetRxBuffer
                0x00000000080075b8       0x3a ./Middlewares/ST/STM32_USB_Device_Library/Class/CDC/Src/usbd_cdc.o
                0x00000000080075b8                USBD_CDC_SetRxBuffer
 *fill*         0x00000000080075f2        0x2 
 .text.USBD_CDC_TransmitPacket
                0x00000000080075f4       0x8c ./Middlewares/ST/STM32_USB_Device_Library/Class/CDC/Src/usbd_cdc.o
                0x00000000080075f4                USBD_CDC_TransmitPacket
 .text.USBD_CDC_ReceivePacket
                0x0000000008007680       0x6c ./Middlewares/ST/STM32_USB_Device_Library/Class/CDC/Src/usbd_cdc.o
                0x0000000008007680                USBD_CDC_ReceivePacket
 .text.USBD_Init
                0x00000000080076ec       0x60 ./Middlewares/ST/STM32_USB_Device_Library/Core/Src/usbd_core.o
                0x00000000080076ec                USBD_Init
 .text.USBD_RegisterClass
                0x000000000800774c       0x6c ./Middlewares/ST/STM32_USB_Device_Library/Core/Src/usbd_core.o
                0x000000000800774c                USBD_RegisterClass
 .text.USBD_Start
                0x00000000080077b8       0x18 ./Middlewares/ST/STM32_USB_Device_Library/Core/Src/usbd_core.o
                0x00000000080077b8                USBD_Start
 .text.USBD_RunTestMode
                0x00000000080077d0       0x16 ./Middlewares/ST/STM32_USB_Device_Library/Core/Src/usbd_core.o
                0x00000000080077d0                USBD_RunTestMode
 .text.USBD_SetClassConfig
                0x00000000080077e6       0x38 ./Middlewares/ST/STM32_USB_Device_Library/Core/Src/usbd_core.o
                0x00000000080077e6                USBD_SetClassConfig
 .text.USBD_ClrClassConfig
                0x000000000800781e       0x34 ./Middlewares/ST/STM32_USB_Device_Library/Core/Src/usbd_core.o
                0x000000000800781e                USBD_ClrClassConfig
 .text.USBD_LL_SetupStage
                0x0000000008007852       0xaa ./Middlewares/ST/STM32_USB_Device_Library/Core/Src/usbd_core.o
                0x0000000008007852                USBD_LL_SetupStage
 .text.USBD_LL_DataOutStage
                0x00000000080078fc      0x166 ./Middlewares/ST/STM32_USB_Device_Library/Core/Src/usbd_core.o
                0x00000000080078fc                USBD_LL_DataOutStage
 .text.USBD_LL_DataInStage
                0x0000000008007a62      0x164 ./Middlewares/ST/STM32_USB_Device_Library/Core/Src/usbd_core.o
                0x0000000008007a62                USBD_LL_DataInStage
 .text.USBD_LL_Reset
                0x0000000008007bc6       0xa4 ./Middlewares/ST/STM32_USB_Device_Library/Core/Src/usbd_core.o
                0x0000000008007bc6                USBD_LL_Reset
 .text.USBD_LL_SetSpeed
                0x0000000008007c6a       0x20 ./Middlewares/ST/STM32_USB_Device_Library/Core/Src/usbd_core.o
                0x0000000008007c6a                USBD_LL_SetSpeed
 .text.USBD_LL_Suspend
                0x0000000008007c8a       0x2c ./Middlewares/ST/STM32_USB_Device_Library/Core/Src/usbd_core.o
                0x0000000008007c8a                USBD_LL_Suspend
 .text.USBD_LL_Resume
                0x0000000008007cb6       0x30 ./Middlewares/ST/STM32_USB_Device_Library/Core/Src/usbd_core.o
                0x0000000008007cb6                USBD_LL_Resume
 .text.USBD_LL_SOF
                0x0000000008007ce6       0x40 ./Middlewares/ST/STM32_USB_Device_Library/Core/Src/usbd_core.o
                0x0000000008007ce6                USBD_LL_SOF
 .text.USBD_LL_IsoINIncomplete
                0x0000000008007d26       0x64 ./Middlewares/ST/STM32_USB_Device_Library/Core/Src/usbd_core.o
                0x0000000008007d26                USBD_LL_IsoINIncomplete
 .text.USBD_LL_IsoOUTIncomplete
                0x0000000008007d8a       0x64 ./Middlewares/ST/STM32_USB_Device_Library/Core/Src/usbd_core.o
                0x0000000008007d8a                USBD_LL_IsoOUTIncomplete
 .text.USBD_LL_DevConnected
                0x0000000008007dee       0x16 ./Middlewares/ST/STM32_USB_Device_Library/Core/Src/usbd_core.o
                0x0000000008007dee                USBD_LL_DevConnected
 .text.USBD_LL_DevDisconnected
                0x0000000008007e04       0x46 ./Middlewares/ST/STM32_USB_Device_Library/Core/Src/usbd_core.o
                0x0000000008007e04                USBD_LL_DevDisconnected
 .text.USBD_CoreFindIF
                0x0000000008007e4a       0x1a ./Middlewares/ST/STM32_USB_Device_Library/Core/Src/usbd_core.o
                0x0000000008007e4a                USBD_CoreFindIF
 .text.USBD_CoreFindEP
                0x0000000008007e64       0x1a ./Middlewares/ST/STM32_USB_Device_Library/Core/Src/usbd_core.o
                0x0000000008007e64                USBD_CoreFindEP
 .text.USBD_GetEpDesc
                0x0000000008007e7e       0x74 ./Middlewares/ST/STM32_USB_Device_Library/Core/Src/usbd_core.o
                0x0000000008007e7e                USBD_GetEpDesc
 .text.USBD_GetNextDesc
                0x0000000008007ef2       0x3a ./Middlewares/ST/STM32_USB_Device_Library/Core/Src/usbd_core.o
                0x0000000008007ef2                USBD_GetNextDesc
 .text.SWAPBYTE
                0x0000000008007f2c       0x3c ./Middlewares/ST/STM32_USB_Device_Library/Core/Src/usbd_ctlreq.o
 .text.USBD_StdDevReq
                0x0000000008007f68       0xe4 ./Middlewares/ST/STM32_USB_Device_Library/Core/Src/usbd_ctlreq.o
                0x0000000008007f68                USBD_StdDevReq
 .text.USBD_StdItfReq
                0x000000000800804c       0xd8 ./Middlewares/ST/STM32_USB_Device_Library/Core/Src/usbd_ctlreq.o
                0x000000000800804c                USBD_StdItfReq
 .text.USBD_StdEPReq
                0x0000000008008124      0x33a ./Middlewares/ST/STM32_USB_Device_Library/Core/Src/usbd_ctlreq.o
                0x0000000008008124                USBD_StdEPReq
 *fill*         0x000000000800845e        0x2 
 .text.USBD_GetDescriptor
                0x0000000008008460      0x2d4 ./Middlewares/ST/STM32_USB_Device_Library/Core/Src/usbd_ctlreq.o
 .text.USBD_SetAddress
                0x0000000008008734       0x88 ./Middlewares/ST/STM32_USB_Device_Library/Core/Src/usbd_ctlreq.o
 .text.USBD_SetConfig
                0x00000000080087bc      0x154 ./Middlewares/ST/STM32_USB_Device_Library/Core/Src/usbd_ctlreq.o
 .text.USBD_GetConfig
                0x0000000008008910       0x6c ./Middlewares/ST/STM32_USB_Device_Library/Core/Src/usbd_ctlreq.o
 .text.USBD_GetStatus
                0x000000000800897c       0x68 ./Middlewares/ST/STM32_USB_Device_Library/Core/Src/usbd_ctlreq.o
 .text.USBD_SetFeature
                0x00000000080089e4       0x52 ./Middlewares/ST/STM32_USB_Device_Library/Core/Src/usbd_ctlreq.o
 .text.USBD_ClrFeature
                0x0000000008008a36       0x44 ./Middlewares/ST/STM32_USB_Device_Library/Core/Src/usbd_ctlreq.o
 .text.USBD_ParseSetupRequest
                0x0000000008008a7a       0x74 ./Middlewares/ST/STM32_USB_Device_Library/Core/Src/usbd_ctlreq.o
                0x0000000008008a7a                USBD_ParseSetupRequest
 .text.USBD_CtlError
                0x0000000008008aee       0x22 ./Middlewares/ST/STM32_USB_Device_Library/Core/Src/usbd_ctlreq.o
                0x0000000008008aee                USBD_CtlError
 .text.USBD_GetString
                0x0000000008008b10       0x8c ./Middlewares/ST/STM32_USB_Device_Library/Core/Src/usbd_ctlreq.o
                0x0000000008008b10                USBD_GetString
 .text.USBD_GetLen
                0x0000000008008b9c       0x34 ./Middlewares/ST/STM32_USB_Device_Library/Core/Src/usbd_ctlreq.o
 .text.USBD_CtlSendData
                0x0000000008008bd0       0x36 ./Middlewares/ST/STM32_USB_Device_Library/Core/Src/usbd_ioreq.o
                0x0000000008008bd0                USBD_CtlSendData
 .text.USBD_CtlContinueSendData
                0x0000000008008c06       0x22 ./Middlewares/ST/STM32_USB_Device_Library/Core/Src/usbd_ioreq.o
                0x0000000008008c06                USBD_CtlContinueSendData
 .text.USBD_CtlPrepareRx
                0x0000000008008c28       0x3a ./Middlewares/ST/STM32_USB_Device_Library/Core/Src/usbd_ioreq.o
                0x0000000008008c28                USBD_CtlPrepareRx
 .text.USBD_CtlContinueRx
                0x0000000008008c62       0x22 ./Middlewares/ST/STM32_USB_Device_Library/Core/Src/usbd_ioreq.o
                0x0000000008008c62                USBD_CtlContinueRx
 .text.USBD_CtlSendStatus
                0x0000000008008c84       0x26 ./Middlewares/ST/STM32_USB_Device_Library/Core/Src/usbd_ioreq.o
                0x0000000008008c84                USBD_CtlSendStatus
 .text.USBD_CtlReceiveStatus
                0x0000000008008caa       0x26 ./Middlewares/ST/STM32_USB_Device_Library/Core/Src/usbd_ioreq.o
                0x0000000008008caa                USBD_CtlReceiveStatus
 .text.disk_status
                0x0000000008008cd0       0x34 ./Middlewares/Third_Party/FatFs/src/diskio.o
                0x0000000008008cd0                disk_status
 .text.disk_initialize
                0x0000000008008d04       0x4c ./Middlewares/Third_Party/FatFs/src/diskio.o
                0x0000000008008d04                disk_initialize
 .text.disk_read
                0x0000000008008d50       0x40 ./Middlewares/Third_Party/FatFs/src/diskio.o
                0x0000000008008d50                disk_read
 .text.disk_write
                0x0000000008008d90       0x40 ./Middlewares/Third_Party/FatFs/src/diskio.o
                0x0000000008008d90                disk_write
 .text.disk_ioctl
                0x0000000008008dd0       0x3c ./Middlewares/Third_Party/FatFs/src/diskio.o
                0x0000000008008dd0                disk_ioctl
 .text.ld_word  0x0000000008008e0c       0x30 ./Middlewares/Third_Party/FatFs/src/ff.o
 .text.ld_dword
                0x0000000008008e3c       0x46 ./Middlewares/Third_Party/FatFs/src/ff.o
 .text.st_word  0x0000000008008e82       0x36 ./Middlewares/Third_Party/FatFs/src/ff.o
 .text.st_dword
                0x0000000008008eb8       0x58 ./Middlewares/Third_Party/FatFs/src/ff.o
 .text.mem_cpy  0x0000000008008f10       0x42 ./Middlewares/Third_Party/FatFs/src/ff.o
 .text.mem_set  0x0000000008008f52       0x36 ./Middlewares/Third_Party/FatFs/src/ff.o
 .text.mem_cmp  0x0000000008008f88       0x4e ./Middlewares/Third_Party/FatFs/src/ff.o
 .text.chk_chr  0x0000000008008fd6       0x36 ./Middlewares/Third_Party/FatFs/src/ff.o
 .text.chk_lock
                0x000000000800900c       0xb8 ./Middlewares/Third_Party/FatFs/src/ff.o
 .text.enq_lock
                0x00000000080090c4       0x44 ./Middlewares/Third_Party/FatFs/src/ff.o
 .text.inc_lock
                0x0000000008009108      0x11c ./Middlewares/Third_Party/FatFs/src/ff.o
 .text.dec_lock
                0x0000000008009224       0x78 ./Middlewares/Third_Party/FatFs/src/ff.o
 .text.clear_lock
                0x000000000800929c       0x48 ./Middlewares/Third_Party/FatFs/src/ff.o
 .text.sync_window
                0x00000000080092e4       0x88 ./Middlewares/Third_Party/FatFs/src/ff.o
 .text.move_window
                0x000000000800936c       0x5a ./Middlewares/Third_Party/FatFs/src/ff.o
 *fill*         0x00000000080093c6        0x2 
 .text.sync_fs  0x00000000080093c8       0xe0 ./Middlewares/Third_Party/FatFs/src/ff.o
 .text.clust2sect
                0x00000000080094a8       0x3e ./Middlewares/Third_Party/FatFs/src/ff.o
 .text.get_fat  0x00000000080094e6      0x1a8 ./Middlewares/Third_Party/FatFs/src/ff.o
 .text.put_fat  0x000000000800968e      0x238 ./Middlewares/Third_Party/FatFs/src/ff.o
 .text.remove_chain
                0x00000000080098c6       0xca ./Middlewares/Third_Party/FatFs/src/ff.o
 .text.create_chain
                0x0000000008009990      0x130 ./Middlewares/Third_Party/FatFs/src/ff.o
 .text.clmt_clust
                0x0000000008009ac0       0x70 ./Middlewares/Third_Party/FatFs/src/ff.o
 .text.dir_sdi  0x0000000008009b30      0x112 ./Middlewares/Third_Party/FatFs/src/ff.o
 .text.dir_next
                0x0000000008009c42      0x1ac ./Middlewares/Third_Party/FatFs/src/ff.o
 .text.dir_alloc
                0x0000000008009dee       0x8e ./Middlewares/Third_Party/FatFs/src/ff.o
 .text.ld_clust
                0x0000000008009e7c       0x3e ./Middlewares/Third_Party/FatFs/src/ff.o
 .text.st_clust
                0x0000000008009eba       0x40 ./Middlewares/Third_Party/FatFs/src/ff.o
 *fill*         0x0000000008009efa        0x2 
 .text.cmp_lfn  0x0000000008009efc       0xe0 ./Middlewares/Third_Party/FatFs/src/ff.o
 .text.pick_lfn
                0x0000000008009fdc       0xc8 ./Middlewares/Third_Party/FatFs/src/ff.o
 .text.put_lfn  0x000000000800a0a4       0xd0 ./Middlewares/Third_Party/FatFs/src/ff.o
 .text.gen_numname
                0x000000000800a174      0x11c ./Middlewares/Third_Party/FatFs/src/ff.o
 .text.sum_sfn  0x000000000800a290       0x42 ./Middlewares/Third_Party/FatFs/src/ff.o
 .text.dir_read
                0x000000000800a2d2      0x14e ./Middlewares/Third_Party/FatFs/src/ff.o
 .text.dir_find
                0x000000000800a420      0x180 ./Middlewares/Third_Party/FatFs/src/ff.o
 .text.dir_register
                0x000000000800a5a0      0x1f0 ./Middlewares/Third_Party/FatFs/src/ff.o
 .text.dir_remove
                0x000000000800a790       0x94 ./Middlewares/Third_Party/FatFs/src/ff.o
 .text.get_fileinfo
                0x000000000800a824      0x1ba ./Middlewares/Third_Party/FatFs/src/ff.o
 *fill*         0x000000000800a9de        0x2 
 .text.create_name
                0x000000000800a9e0      0x370 ./Middlewares/Third_Party/FatFs/src/ff.o
 .text.follow_path
                0x000000000800ad50       0xec ./Middlewares/Third_Party/FatFs/src/ff.o
 .text.get_ldnumber
                0x000000000800ae3c       0x88 ./Middlewares/Third_Party/FatFs/src/ff.o
 .text.check_fs
                0x000000000800aec4       0xac ./Middlewares/Third_Party/FatFs/src/ff.o
 .text.find_volume
                0x000000000800af70      0x50c ./Middlewares/Third_Party/FatFs/src/ff.o
 .text.validate
                0x000000000800b47c       0x6a ./Middlewares/Third_Party/FatFs/src/ff.o
 *fill*         0x000000000800b4e6        0x2 
 .text.f_mount  0x000000000800b4e8       0x8c ./Middlewares/Third_Party/FatFs/src/ff.o
                0x000000000800b4e8                f_mount
 .text.f_open   0x000000000800b574      0x398 ./Middlewares/Third_Party/FatFs/src/ff.o
                0x000000000800b574                f_open
 .text.f_read   0x000000000800b90c      0x2be ./Middlewares/Third_Party/FatFs/src/ff.o
                0x000000000800b90c                f_read
 .text.f_write  0x000000000800bbca      0x328 ./Middlewares/Third_Party/FatFs/src/ff.o
                0x000000000800bbca                f_write
 .text.f_sync   0x000000000800bef2       0xfc ./Middlewares/Third_Party/FatFs/src/ff.o
                0x000000000800bef2                f_sync
 .text.f_close  0x000000000800bfee       0x54 ./Middlewares/Third_Party/FatFs/src/ff.o
                0x000000000800bfee                f_close
 .text.f_lseek  0x000000000800c042      0x448 ./Middlewares/Third_Party/FatFs/src/ff.o
                0x000000000800c042                f_lseek
 .text.f_stat   0x000000000800c48a       0x72 ./Middlewares/Third_Party/FatFs/src/ff.o
                0x000000000800c48a                f_stat
 .text.f_unlink
                0x000000000800c4fc      0x156 ./Middlewares/Third_Party/FatFs/src/ff.o
                0x000000000800c4fc                f_unlink
 .text.f_gets   0x000000000800c652       0x7a ./Middlewares/Third_Party/FatFs/src/ff.o
                0x000000000800c652                f_gets
 .text.putc_bfd
                0x000000000800c6cc       0x7a ./Middlewares/Third_Party/FatFs/src/ff.o
 .text.putc_flush
                0x000000000800c746       0x4a ./Middlewares/Third_Party/FatFs/src/ff.o
 .text.putc_init
                0x000000000800c790       0x2a ./Middlewares/Third_Party/FatFs/src/ff.o
 .text.f_puts   0x000000000800c7ba       0x48 ./Middlewares/Third_Party/FatFs/src/ff.o
                0x000000000800c7ba                f_puts
 *fill*         0x000000000800c802        0x2 
 .text.f_printf
                0x000000000800c804      0x43c ./Middlewares/Third_Party/FatFs/src/ff.o
                0x000000000800c804                f_printf
 .text.FATFS_LinkDriverEx
                0x000000000800cc40       0x98 ./Middlewares/Third_Party/FatFs/src/ff_gen_drv.o
                0x000000000800cc40                FATFS_LinkDriverEx
 .text.FATFS_LinkDriver
                0x000000000800ccd8       0x1e ./Middlewares/Third_Party/FatFs/src/ff_gen_drv.o
                0x000000000800ccd8                FATFS_LinkDriver
 *fill*         0x000000000800ccf6        0x2 
 .text.ff_convert
                0x000000000800ccf8       0x78 ./Middlewares/Third_Party/FatFs/src/option/ccsbcs.o
                0x000000000800ccf8                ff_convert
 .text.ff_wtoupper
                0x000000000800cd70      0x114 ./Middlewares/Third_Party/FatFs/src/option/ccsbcs.o
                0x000000000800cd70                ff_wtoupper
 .text.__NVIC_SetPriority
                0x000000000800ce84       0x54 ./Middlewares/Third_Party/FreeRTOS/Source/CMSIS_RTOS_V2/cmsis_os2.o
 .text.SysTick_Handler
                0x000000000800ced8       0x20 ./Middlewares/Third_Party/FreeRTOS/Source/CMSIS_RTOS_V2/cmsis_os2.o
                0x000000000800ced8                SysTick_Handler
 .text.SVC_Setup
                0x000000000800cef8       0x12 ./Middlewares/Third_Party/FreeRTOS/Source/CMSIS_RTOS_V2/cmsis_os2.o
 *fill*         0x000000000800cf0a        0x2 
 .text.osKernelInitialize
                0x000000000800cf0c       0x48 ./Middlewares/Third_Party/FreeRTOS/Source/CMSIS_RTOS_V2/cmsis_os2.o
                0x000000000800cf0c                osKernelInitialize
 .text.osKernelStart
                0x000000000800cf54       0x4c ./Middlewares/Third_Party/FreeRTOS/Source/CMSIS_RTOS_V2/cmsis_os2.o
                0x000000000800cf54                osKernelStart
 .text.osThreadNew
                0x000000000800cfa0      0x124 ./Middlewares/Third_Party/FreeRTOS/Source/CMSIS_RTOS_V2/cmsis_os2.o
                0x000000000800cfa0                osThreadNew
 .text.vApplicationGetIdleTaskMemory
                0x000000000800d0c4       0x34 ./Middlewares/Third_Party/FreeRTOS/Source/CMSIS_RTOS_V2/cmsis_os2.o
                0x000000000800d0c4                vApplicationGetIdleTaskMemory
 .text.vApplicationGetTimerTaskMemory
                0x000000000800d0f8       0x34 ./Middlewares/Third_Party/FreeRTOS/Source/CMSIS_RTOS_V2/cmsis_os2.o
                0x000000000800d0f8                vApplicationGetTimerTaskMemory
 .text.vListInitialise
                0x000000000800d12c       0x40 ./Middlewares/Third_Party/FreeRTOS/Source/list.o
                0x000000000800d12c                vListInitialise
 .text.vListInitialiseItem
                0x000000000800d16c       0x1a ./Middlewares/Third_Party/FreeRTOS/Source/list.o
                0x000000000800d16c                vListInitialiseItem
 .text.vListInsertEnd
                0x000000000800d186       0x48 ./Middlewares/Third_Party/FreeRTOS/Source/list.o
                0x000000000800d186                vListInsertEnd
 .text.vListInsert
                0x000000000800d1ce       0x72 ./Middlewares/Third_Party/FreeRTOS/Source/list.o
                0x000000000800d1ce                vListInsert
 .text.uxListRemove
                0x000000000800d240       0x54 ./Middlewares/Third_Party/FreeRTOS/Source/list.o
                0x000000000800d240                uxListRemove
 .text.xQueueGenericReset
                0x000000000800d294       0xd0 ./Middlewares/Third_Party/FreeRTOS/Source/queue.o
                0x000000000800d294                xQueueGenericReset
 .text.xQueueGenericCreateStatic
                0x000000000800d364       0xf0 ./Middlewares/Third_Party/FreeRTOS/Source/queue.o
                0x000000000800d364                xQueueGenericCreateStatic
 .text.xQueueGenericCreate
                0x000000000800d454       0x74 ./Middlewares/Third_Party/FreeRTOS/Source/queue.o
                0x000000000800d454                xQueueGenericCreate
 .text.prvInitialiseNewQueue
                0x000000000800d4c8       0x46 ./Middlewares/Third_Party/FreeRTOS/Source/queue.o
 *fill*         0x000000000800d50e        0x2 
 .text.xQueueGenericSend
                0x000000000800d510      0x1fc ./Middlewares/Third_Party/FreeRTOS/Source/queue.o
                0x000000000800d510                xQueueGenericSend
 .text.xQueueGenericSendFromISR
                0x000000000800d70c      0x136 ./Middlewares/Third_Party/FreeRTOS/Source/queue.o
                0x000000000800d70c                xQueueGenericSendFromISR
 *fill*         0x000000000800d842        0x2 
 .text.xQueueReceive
                0x000000000800d844      0x1c0 ./Middlewares/Third_Party/FreeRTOS/Source/queue.o
                0x000000000800d844                xQueueReceive
 .text.xQueueSemaphoreTake
                0x000000000800da04      0x218 ./Middlewares/Third_Party/FreeRTOS/Source/queue.o
                0x000000000800da04                xQueueSemaphoreTake
 .text.prvGetDisinheritPriorityAfterTimeout
                0x000000000800dc1c       0x30 ./Middlewares/Third_Party/FreeRTOS/Source/queue.o
 .text.prvCopyDataToQueue
                0x000000000800dc4c       0xd4 ./Middlewares/Third_Party/FreeRTOS/Source/queue.o
 .text.prvCopyDataFromQueue
                0x000000000800dd20       0x4c ./Middlewares/Third_Party/FreeRTOS/Source/queue.o
 .text.prvUnlockQueue
                0x000000000800dd6c       0xa4 ./Middlewares/Third_Party/FreeRTOS/Source/queue.o
 .text.prvIsQueueEmpty
                0x000000000800de10       0x2c ./Middlewares/Third_Party/FreeRTOS/Source/queue.o
 .text.prvIsQueueFull
                0x000000000800de3c       0x30 ./Middlewares/Third_Party/FreeRTOS/Source/queue.o
 .text.vQueueAddToRegistry
                0x000000000800de6c       0x54 ./Middlewares/Third_Party/FreeRTOS/Source/queue.o
                0x000000000800de6c                vQueueAddToRegistry
 .text.vQueueWaitForMessageRestricted
                0x000000000800dec0       0x68 ./Middlewares/Third_Party/FreeRTOS/Source/queue.o
                0x000000000800dec0                vQueueWaitForMessageRestricted
 .text.xTaskCreateStatic
                0x000000000800df28       0xba ./Middlewares/Third_Party/FreeRTOS/Source/tasks.o
                0x000000000800df28                xTaskCreateStatic
 .text.xTaskCreate
                0x000000000800dfe2       0x8a ./Middlewares/Third_Party/FreeRTOS/Source/tasks.o
                0x000000000800dfe2                xTaskCreate
 .text.prvInitialiseNewTask
                0x000000000800e06c      0x14c ./Middlewares/Third_Party/FreeRTOS/Source/tasks.o
 .text.prvAddNewTaskToReadyList
                0x000000000800e1b8       0xe0 ./Middlewares/Third_Party/FreeRTOS/Source/tasks.o
 .text.vTaskDelete
                0x000000000800e298       0xe4 ./Middlewares/Third_Party/FreeRTOS/Source/tasks.o
                0x000000000800e298                vTaskDelete
 .text.vTaskDelayUntil
                0x000000000800e37c       0xfc ./Middlewares/Third_Party/FreeRTOS/Source/tasks.o
                0x000000000800e37c                vTaskDelayUntil
 .text.vTaskDelay
                0x000000000800e478       0x68 ./Middlewares/Third_Party/FreeRTOS/Source/tasks.o
                0x000000000800e478                vTaskDelay
 .text.vTaskStartScheduler
                0x000000000800e4e0       0xe0 ./Middlewares/Third_Party/FreeRTOS/Source/tasks.o
                0x000000000800e4e0                vTaskStartScheduler
 .text.vTaskSuspendAll
                0x000000000800e5c0       0x1c ./Middlewares/Third_Party/FreeRTOS/Source/tasks.o
                0x000000000800e5c0                vTaskSuspendAll
 .text.xTaskResumeAll
                0x000000000800e5dc      0x13c ./Middlewares/Third_Party/FreeRTOS/Source/tasks.o
                0x000000000800e5dc                xTaskResumeAll
 .text.xTaskGetTickCount
                0x000000000800e718       0x20 ./Middlewares/Third_Party/FreeRTOS/Source/tasks.o
                0x000000000800e718                xTaskGetTickCount
 .text.xTaskIncrementTick
                0x000000000800e738      0x174 ./Middlewares/Third_Party/FreeRTOS/Source/tasks.o
                0x000000000800e738                xTaskIncrementTick
 .text.vTaskSwitchContext
                0x000000000800e8ac       0xc8 ./Middlewares/Third_Party/FreeRTOS/Source/tasks.o
                0x000000000800e8ac                vTaskSwitchContext
 .text.vTaskPlaceOnEventList
                0x000000000800e974       0x48 ./Middlewares/Third_Party/FreeRTOS/Source/tasks.o
                0x000000000800e974                vTaskPlaceOnEventList
 .text.vTaskPlaceOnEventListRestricted
                0x000000000800e9bc       0x58 ./Middlewares/Third_Party/FreeRTOS/Source/tasks.o
                0x000000000800e9bc                vTaskPlaceOnEventListRestricted
 .text.xTaskRemoveFromEventList
                0x000000000800ea14       0xc8 ./Middlewares/Third_Party/FreeRTOS/Source/tasks.o
                0x000000000800ea14                xTaskRemoveFromEventList
 .text.vTaskInternalSetTimeOutState
                0x000000000800eadc       0x2c ./Middlewares/Third_Party/FreeRTOS/Source/tasks.o
                0x000000000800eadc                vTaskInternalSetTimeOutState
 .text.xTaskCheckForTimeOut
                0x000000000800eb08       0xc4 ./Middlewares/Third_Party/FreeRTOS/Source/tasks.o
                0x000000000800eb08                xTaskCheckForTimeOut
 .text.vTaskMissedYield
                0x000000000800ebcc       0x18 ./Middlewares/Third_Party/FreeRTOS/Source/tasks.o
                0x000000000800ebcc                vTaskMissedYield
 .text.prvIdleTask
                0x000000000800ebe4       0x30 ./Middlewares/Third_Party/FreeRTOS/Source/tasks.o
 .text.prvInitialiseTaskLists
                0x000000000800ec14       0x80 ./Middlewares/Third_Party/FreeRTOS/Source/tasks.o
 .text.prvCheckTasksWaitingTermination
                0x000000000800ec94       0x5c ./Middlewares/Third_Party/FreeRTOS/Source/tasks.o
 .text.prvDeleteTCB
                0x000000000800ecf0       0x68 ./Middlewares/Third_Party/FreeRTOS/Source/tasks.o
 .text.prvResetNextTaskUnblockTime
                0x000000000800ed58       0x40 ./Middlewares/Third_Party/FreeRTOS/Source/tasks.o
 .text.xTaskGetSchedulerState
                0x000000000800ed98       0x3c ./Middlewares/Third_Party/FreeRTOS/Source/tasks.o
                0x000000000800ed98                xTaskGetSchedulerState
 .text.xTaskPriorityInherit
                0x000000000800edd4       0xd0 ./Middlewares/Third_Party/FreeRTOS/Source/tasks.o
                0x000000000800edd4                xTaskPriorityInherit
 .text.xTaskPriorityDisinherit
                0x000000000800eea4       0xdc ./Middlewares/Third_Party/FreeRTOS/Source/tasks.o
                0x000000000800eea4                xTaskPriorityDisinherit
 .text.vTaskPriorityDisinheritAfterTimeout
                0x000000000800ef80      0x104 ./Middlewares/Third_Party/FreeRTOS/Source/tasks.o
                0x000000000800ef80                vTaskPriorityDisinheritAfterTimeout
 .text.pvTaskIncrementMutexHeldCount
                0x000000000800f084       0x28 ./Middlewares/Third_Party/FreeRTOS/Source/tasks.o
                0x000000000800f084                pvTaskIncrementMutexHeldCount
 .text.prvAddCurrentTaskToDelayedList
                0x000000000800f0ac       0xa8 ./Middlewares/Third_Party/FreeRTOS/Source/tasks.o
 .text.xTimerCreateTimerTask
                0x000000000800f154       0x90 ./Middlewares/Third_Party/FreeRTOS/Source/timers.o
                0x000000000800f154                xTimerCreateTimerTask
 .text.xTimerGenericCommand
                0x000000000800f1e4       0x9c ./Middlewares/Third_Party/FreeRTOS/Source/timers.o
                0x000000000800f1e4                xTimerGenericCommand
 .text.prvProcessExpiredTimer
                0x000000000800f280       0x98 ./Middlewares/Third_Party/FreeRTOS/Source/timers.o
 .text.prvTimerTask
                0x000000000800f318       0x24 ./Middlewares/Third_Party/FreeRTOS/Source/timers.o
 .text.prvProcessTimerOrBlockTask
                0x000000000800f33c       0x9c ./Middlewares/Third_Party/FreeRTOS/Source/timers.o
 .text.prvGetNextExpireTime
                0x000000000800f3d8       0x48 ./Middlewares/Third_Party/FreeRTOS/Source/timers.o
 .text.prvSampleTimeNow
                0x000000000800f420       0x40 ./Middlewares/Third_Party/FreeRTOS/Source/timers.o
 .text.prvInsertTimerInActiveList
                0x000000000800f460       0x84 ./Middlewares/Third_Party/FreeRTOS/Source/timers.o
 .text.prvProcessReceivedCommands
                0x000000000800f4e4      0x1c4 ./Middlewares/Third_Party/FreeRTOS/Source/timers.o
 .text.prvSwitchTimerLists
                0x000000000800f6a8       0xc8 ./Middlewares/Third_Party/FreeRTOS/Source/timers.o
 .text.prvCheckForValidListAndQueue
                0x000000000800f770       0x80 ./Middlewares/Third_Party/FreeRTOS/Source/timers.o
 .text.pxPortInitialiseStack
                0x000000000800f7f0       0x68 ./Middlewares/Third_Party/FreeRTOS/Source/portable/GCC/ARM_CM4F/port.o
                0x000000000800f7f0                pxPortInitialiseStack
 .text.prvTaskExitError
                0x000000000800f858       0x58 ./Middlewares/Third_Party/FreeRTOS/Source/portable/GCC/ARM_CM4F/port.o
 .text.SVC_Handler
                0x000000000800f8b0       0x28 ./Middlewares/Third_Party/FreeRTOS/Source/portable/GCC/ARM_CM4F/port.o
                0x000000000800f8b0                SVC_Handler
 .text.prvPortStartFirstTask
                0x000000000800f8d8       0x28 ./Middlewares/Third_Party/FreeRTOS/Source/portable/GCC/ARM_CM4F/port.o
 .text.xPortStartScheduler
                0x000000000800f900      0x144 ./Middlewares/Third_Party/FreeRTOS/Source/portable/GCC/ARM_CM4F/port.o
                0x000000000800f900                xPortStartScheduler
 .text.vPortEnterCritical
                0x000000000800fa44       0x60 ./Middlewares/Third_Party/FreeRTOS/Source/portable/GCC/ARM_CM4F/port.o
                0x000000000800fa44                vPortEnterCritical
 .text.vPortExitCritical
                0x000000000800faa4       0x54 ./Middlewares/Third_Party/FreeRTOS/Source/portable/GCC/ARM_CM4F/port.o
                0x000000000800faa4                vPortExitCritical
 *fill*         0x000000000800faf8        0x8 
 .text.PendSV_Handler
                0x000000000800fb00       0x68 ./Middlewares/Third_Party/FreeRTOS/Source/portable/GCC/ARM_CM4F/port.o
                0x000000000800fb00                PendSV_Handler
 .text.xPortSysTickHandler
                0x000000000800fb68       0x44 ./Middlewares/Third_Party/FreeRTOS/Source/portable/GCC/ARM_CM4F/port.o
                0x000000000800fb68                xPortSysTickHandler
 .text.vPortSetupTimerInterrupt
                0x000000000800fbac       0x48 ./Middlewares/Third_Party/FreeRTOS/Source/portable/GCC/ARM_CM4F/port.o
                0x000000000800fbac                vPortSetupTimerInterrupt
 .text.vPortEnableVFP
                0x000000000800fbf4       0x14 ./Middlewares/Third_Party/FreeRTOS/Source/portable/GCC/ARM_CM4F/port.o
 .text.vPortValidateInterruptPriority
                0x000000000800fc08       0x80 ./Middlewares/Third_Party/FreeRTOS/Source/portable/GCC/ARM_CM4F/port.o
                0x000000000800fc08                vPortValidateInterruptPriority
 .text.pvPortMalloc
                0x000000000800fc88      0x198 ./Middlewares/Third_Party/FreeRTOS/Source/portable/MemMang/heap_4.o
                0x000000000800fc88                pvPortMalloc
 .text.vPortFree
                0x000000000800fe20       0xc4 ./Middlewares/Third_Party/FreeRTOS/Source/portable/MemMang/heap_4.o
                0x000000000800fe20                vPortFree
 .text.prvHeapInit
                0x000000000800fee4       0xc4 ./Middlewares/Third_Party/FreeRTOS/Source/portable/MemMang/heap_4.o
 .text.prvInsertBlockIntoFreeList
                0x000000000800ffa8       0xb4 ./Middlewares/Third_Party/FreeRTOS/Source/portable/MemMang/heap_4.o
 .text.MX_USB_DEVICE_Init
                0x000000000801005c       0x60 ./USB_DEVICE/App/usb_device.o
                0x000000000801005c                MX_USB_DEVICE_Init
 .text.CDC_Init_FS
                0x00000000080100bc       0x28 ./USB_DEVICE/App/usbd_cdc_if.o
 .text.CDC_DeInit_FS
                0x00000000080100e4       0x10 ./USB_DEVICE/App/usbd_cdc_if.o
 .text.CDC_Control_FS
                0x00000000080100f4       0xbc ./USB_DEVICE/App/usbd_cdc_if.o
 .text.CDC_Receive_FS
                0x00000000080101b0       0x28 ./USB_DEVICE/App/usbd_cdc_if.o
 .text.CDC_Transmit_FS
                0x00000000080101d8       0x4c ./USB_DEVICE/App/usbd_cdc_if.o
                0x00000000080101d8                CDC_Transmit_FS
 .text.CDC_TransmitCplt_FS
                0x0000000008010224       0x22 ./USB_DEVICE/App/usbd_cdc_if.o
 *fill*         0x0000000008010246        0x2 
 .text.USBD_FS_DeviceDescriptor
                0x0000000008010248       0x24 ./USB_DEVICE/App/usbd_desc.o
                0x0000000008010248                USBD_FS_DeviceDescriptor
 .text.USBD_FS_LangIDStrDescriptor
                0x000000000801026c       0x24 ./USB_DEVICE/App/usbd_desc.o
                0x000000000801026c                USBD_FS_LangIDStrDescriptor
 .text.USBD_FS_ProductStrDescriptor
                0x0000000008010290       0x3c ./USB_DEVICE/App/usbd_desc.o
                0x0000000008010290                USBD_FS_ProductStrDescriptor
 .text.USBD_FS_ManufacturerStrDescriptor
                0x00000000080102cc       0x28 ./USB_DEVICE/App/usbd_desc.o
                0x00000000080102cc                USBD_FS_ManufacturerStrDescriptor
 .text.USBD_FS_SerialStrDescriptor
                0x00000000080102f4       0x24 ./USB_DEVICE/App/usbd_desc.o
                0x00000000080102f4                USBD_FS_SerialStrDescriptor
 .text.USBD_FS_ConfigStrDescriptor
                0x0000000008010318       0x3c ./USB_DEVICE/App/usbd_desc.o
                0x0000000008010318                USBD_FS_ConfigStrDescriptor
 .text.USBD_FS_InterfaceStrDescriptor
                0x0000000008010354       0x3c ./USB_DEVICE/App/usbd_desc.o
                0x0000000008010354                USBD_FS_InterfaceStrDescriptor
 .text.Get_SerialNum
                0x0000000008010390       0x58 ./USB_DEVICE/App/usbd_desc.o
 .text.IntToUnicode
                0x00000000080103e8       0x7e ./USB_DEVICE/App/usbd_desc.o
 *fill*         0x0000000008010466        0x2 
 .text.HAL_PCD_MspInit
                0x0000000008010468       0xa8 ./USB_DEVICE/Target/usbd_conf.o
                0x0000000008010468                HAL_PCD_MspInit
 .text.HAL_PCD_SetupStageCallback
                0x0000000008010510       0x24 ./USB_DEVICE/Target/usbd_conf.o
                0x0000000008010510                HAL_PCD_SetupStageCallback
 .text.HAL_PCD_DataOutStageCallback
                0x0000000008010534       0x36 ./USB_DEVICE/Target/usbd_conf.o
                0x0000000008010534                HAL_PCD_DataOutStageCallback
 .text.HAL_PCD_DataInStageCallback
                0x000000000801056a       0x34 ./USB_DEVICE/Target/usbd_conf.o
                0x000000000801056a                HAL_PCD_DataInStageCallback
 .text.HAL_PCD_SOFCallback
                0x000000000801059e       0x1c ./USB_DEVICE/Target/usbd_conf.o
                0x000000000801059e                HAL_PCD_SOFCallback
 .text.HAL_PCD_ResetCallback
                0x00000000080105ba       0x3c ./USB_DEVICE/Target/usbd_conf.o
                0x00000000080105ba                HAL_PCD_ResetCallback
 *fill*         0x00000000080105f6        0x2 
 .text.HAL_PCD_SuspendCallback
                0x00000000080105f8       0x4c ./USB_DEVICE/Target/usbd_conf.o
                0x00000000080105f8                HAL_PCD_SuspendCallback
 .text.HAL_PCD_ResumeCallback
                0x0000000008010644       0x1c ./USB_DEVICE/Target/usbd_conf.o
                0x0000000008010644                HAL_PCD_ResumeCallback
 .text.HAL_PCD_ISOOUTIncompleteCallback
                0x0000000008010660       0x24 ./USB_DEVICE/Target/usbd_conf.o
                0x0000000008010660                HAL_PCD_ISOOUTIncompleteCallback
 .text.HAL_PCD_ISOINIncompleteCallback
                0x0000000008010684       0x24 ./USB_DEVICE/Target/usbd_conf.o
                0x0000000008010684                HAL_PCD_ISOINIncompleteCallback
 .text.HAL_PCD_ConnectCallback
                0x00000000080106a8       0x1c ./USB_DEVICE/Target/usbd_conf.o
                0x00000000080106a8                HAL_PCD_ConnectCallback
 .text.HAL_PCD_DisconnectCallback
                0x00000000080106c4       0x1c ./USB_DEVICE/Target/usbd_conf.o
                0x00000000080106c4                HAL_PCD_DisconnectCallback
 .text.USBD_LL_Init
                0x00000000080106e0       0x98 ./USB_DEVICE/Target/usbd_conf.o
                0x00000000080106e0                USBD_LL_Init
 .text.USBD_LL_Start
                0x0000000008010778       0x36 ./USB_DEVICE/Target/usbd_conf.o
                0x0000000008010778                USBD_LL_Start
 .text.USBD_LL_OpenEP
                0x00000000080107ae       0x4c ./USB_DEVICE/Target/usbd_conf.o
                0x00000000080107ae                USBD_LL_OpenEP
 .text.USBD_LL_CloseEP
                0x00000000080107fa       0x3e ./USB_DEVICE/Target/usbd_conf.o
                0x00000000080107fa                USBD_LL_CloseEP
 .text.USBD_LL_StallEP
                0x0000000008010838       0x3e ./USB_DEVICE/Target/usbd_conf.o
                0x0000000008010838                USBD_LL_StallEP
 .text.USBD_LL_ClearStallEP
                0x0000000008010876       0x3e ./USB_DEVICE/Target/usbd_conf.o
                0x0000000008010876                USBD_LL_ClearStallEP
 .text.USBD_LL_IsStallEP
                0x00000000080108b4       0x58 ./USB_DEVICE/Target/usbd_conf.o
                0x00000000080108b4                USBD_LL_IsStallEP
 .text.USBD_LL_SetUSBAddress
                0x000000000801090c       0x3e ./USB_DEVICE/Target/usbd_conf.o
                0x000000000801090c                USBD_LL_SetUSBAddress
 .text.USBD_LL_Transmit
                0x000000000801094a       0x42 ./USB_DEVICE/Target/usbd_conf.o
                0x000000000801094a                USBD_LL_Transmit
 .text.USBD_LL_PrepareReceive
                0x000000000801098c       0x42 ./USB_DEVICE/Target/usbd_conf.o
                0x000000000801098c                USBD_LL_PrepareReceive
 .text.USBD_LL_GetRxDataSize
                0x00000000080109ce       0x26 ./USB_DEVICE/Target/usbd_conf.o
                0x00000000080109ce                USBD_LL_GetRxDataSize
 .text.USBD_static_malloc
                0x00000000080109f4       0x1c ./USB_DEVICE/Target/usbd_conf.o
                0x00000000080109f4                USBD_static_malloc
 .text.USBD_static_free
                0x0000000008010a10       0x14 ./USB_DEVICE/Target/usbd_conf.o
                0x0000000008010a10                USBD_static_free
 .text.USBD_Get_USB_Status
                0x0000000008010a24       0x58 ./USB_DEVICE/Target/usbd_conf.o
                0x0000000008010a24                USBD_Get_USB_Status
 .text.__errno  0x0000000008010a7c        0xc d:/st/stm32cubeide_1.9.0/stm32cubeide/plugins/com.st.stm32cube.ide.mcu.externaltools.gnu-tools-for-stm32.10.3-2021.10.win32_1.0.0.202111181127/tools/bin/../lib/gcc/arm-none-eabi/10.3.1/../../../../arm-none-eabi/lib/thumb/v7e-m+fp/hard\libc_nano.a(lib_a-errno.o)
                0x0000000008010a7c                __errno
 .text.std      0x0000000008010a88       0x48 d:/st/stm32cubeide_1.9.0/stm32cubeide/plugins/com.st.stm32cube.ide.mcu.externaltools.gnu-tools-for-stm32.10.3-2021.10.win32_1.0.0.202111181127/tools/bin/../lib/gcc/arm-none-eabi/10.3.1/../../../../arm-none-eabi/lib/thumb/v7e-m+fp/hard\libc_nano.a(lib_a-findfp.o)
 .text._cleanup_r
                0x0000000008010ad0        0xc d:/st/stm32cubeide_1.9.0/stm32cubeide/plugins/com.st.stm32cube.ide.mcu.externaltools.gnu-tools-for-stm32.10.3-2021.10.win32_1.0.0.202111181127/tools/bin/../lib/gcc/arm-none-eabi/10.3.1/../../../../arm-none-eabi/lib/thumb/v7e-m+fp/hard\libc_nano.a(lib_a-findfp.o)
                0x0000000008010ad0                _cleanup_r
 .text.__sfmoreglue
                0x0000000008010adc       0x2c d:/st/stm32cubeide_1.9.0/stm32cubeide/plugins/com.st.stm32cube.ide.mcu.externaltools.gnu-tools-for-stm32.10.3-2021.10.win32_1.0.0.202111181127/tools/bin/../lib/gcc/arm-none-eabi/10.3.1/../../../../arm-none-eabi/lib/thumb/v7e-m+fp/hard\libc_nano.a(lib_a-findfp.o)
                0x0000000008010adc                __sfmoreglue
 .text.__sfp_lock_acquire
                0x0000000008010b08        0xc d:/st/stm32cubeide_1.9.0/stm32cubeide/plugins/com.st.stm32cube.ide.mcu.externaltools.gnu-tools-for-stm32.10.3-2021.10.win32_1.0.0.202111181127/tools/bin/../lib/gcc/arm-none-eabi/10.3.1/../../../../arm-none-eabi/lib/thumb/v7e-m+fp/hard\libc_nano.a(lib_a-findfp.o)
                0x0000000008010b08                __sfp_lock_acquire
 .text.__sfp_lock_release
                0x0000000008010b14        0xc d:/st/stm32cubeide_1.9.0/stm32cubeide/plugins/com.st.stm32cube.ide.mcu.externaltools.gnu-tools-for-stm32.10.3-2021.10.win32_1.0.0.202111181127/tools/bin/../lib/gcc/arm-none-eabi/10.3.1/../../../../arm-none-eabi/lib/thumb/v7e-m+fp/hard\libc_nano.a(lib_a-findfp.o)
                0x0000000008010b14                __sfp_lock_release
 .text.__sinit_lock_acquire
                0x0000000008010b20        0xc d:/st/stm32cubeide_1.9.0/stm32cubeide/plugins/com.st.stm32cube.ide.mcu.externaltools.gnu-tools-for-stm32.10.3-2021.10.win32_1.0.0.202111181127/tools/bin/../lib/gcc/arm-none-eabi/10.3.1/../../../../arm-none-eabi/lib/thumb/v7e-m+fp/hard\libc_nano.a(lib_a-findfp.o)
                0x0000000008010b20                __sinit_lock_acquire
 .text.__sinit_lock_release
                0x0000000008010b2c        0xc d:/st/stm32cubeide_1.9.0/stm32cubeide/plugins/com.st.stm32cube.ide.mcu.externaltools.gnu-tools-for-stm32.10.3-2021.10.win32_1.0.0.202111181127/tools/bin/../lib/gcc/arm-none-eabi/10.3.1/../../../../arm-none-eabi/lib/thumb/v7e-m+fp/hard\libc_nano.a(lib_a-findfp.o)
                0x0000000008010b2c                __sinit_lock_release
 .text.__sinit  0x0000000008010b38       0x70 d:/st/stm32cubeide_1.9.0/stm32cubeide/plugins/com.st.stm32cube.ide.mcu.externaltools.gnu-tools-for-stm32.10.3-2021.10.win32_1.0.0.202111181127/tools/bin/../lib/gcc/arm-none-eabi/10.3.1/../../../../arm-none-eabi/lib/thumb/v7e-m+fp/hard\libc_nano.a(lib_a-findfp.o)
                0x0000000008010b38                __sinit
 .text.__sfp    0x0000000008010ba8       0x8c d:/st/stm32cubeide_1.9.0/stm32cubeide/plugins/com.st.stm32cube.ide.mcu.externaltools.gnu-tools-for-stm32.10.3-2021.10.win32_1.0.0.202111181127/tools/bin/../lib/gcc/arm-none-eabi/10.3.1/../../../../arm-none-eabi/lib/thumb/v7e-m+fp/hard\libc_nano.a(lib_a-findfp.o)
                0x0000000008010ba8                __sfp
 .text._fwalk_reent
                0x0000000008010c34       0x3e d:/st/stm32cubeide_1.9.0/stm32cubeide/plugins/com.st.stm32cube.ide.mcu.externaltools.gnu-tools-for-stm32.10.3-2021.10.win32_1.0.0.202111181127/tools/bin/../lib/gcc/arm-none-eabi/10.3.1/../../../../arm-none-eabi/lib/thumb/v7e-m+fp/hard\libc_nano.a(lib_a-fwalk.o)
                0x0000000008010c34                _fwalk_reent
 *fill*         0x0000000008010c72        0x2 
 .text.__libc_init_array
                0x0000000008010c74       0x48 d:/st/stm32cubeide_1.9.0/stm32cubeide/plugins/com.st.stm32cube.ide.mcu.externaltools.gnu-tools-for-stm32.10.3-2021.10.win32_1.0.0.202111181127/tools/bin/../lib/gcc/arm-none-eabi/10.3.1/../../../../arm-none-eabi/lib/thumb/v7e-m+fp/hard\libc_nano.a(lib_a-init.o)
                0x0000000008010c74                __libc_init_array
 .text.__retarget_lock_init_recursive
                0x0000000008010cbc        0x2 d:/st/stm32cubeide_1.9.0/stm32cubeide/plugins/com.st.stm32cube.ide.mcu.externaltools.gnu-tools-for-stm32.10.3-2021.10.win32_1.0.0.202111181127/tools/bin/../lib/gcc/arm-none-eabi/10.3.1/../../../../arm-none-eabi/lib/thumb/v7e-m+fp/hard\libc_nano.a(lib_a-lock.o)
                0x0000000008010cbc                __retarget_lock_init_recursive
 .text.__retarget_lock_acquire_recursive
                0x0000000008010cbe        0x2 d:/st/stm32cubeide_1.9.0/stm32cubeide/plugins/com.st.stm32cube.ide.mcu.externaltools.gnu-tools-for-stm32.10.3-2021.10.win32_1.0.0.202111181127/tools/bin/../lib/gcc/arm-none-eabi/10.3.1/../../../../arm-none-eabi/lib/thumb/v7e-m+fp/hard\libc_nano.a(lib_a-lock.o)
                0x0000000008010cbe                __retarget_lock_acquire_recursive
 .text.__retarget_lock_release_recursive
                0x0000000008010cc0        0x2 d:/st/stm32cubeide_1.9.0/stm32cubeide/plugins/com.st.stm32cube.ide.mcu.externaltools.gnu-tools-for-stm32.10.3-2021.10.win32_1.0.0.202111181127/tools/bin/../lib/gcc/arm-none-eabi/10.3.1/../../../../arm-none-eabi/lib/thumb/v7e-m+fp/hard\libc_nano.a(lib_a-lock.o)
                0x0000000008010cc0                __retarget_lock_release_recursive
 .text.memcpy   0x0000000008010cc2       0x1c d:/st/stm32cubeide_1.9.0/stm32cubeide/plugins/com.st.stm32cube.ide.mcu.externaltools.gnu-tools-for-stm32.10.3-2021.10.win32_1.0.0.202111181127/tools/bin/../lib/gcc/arm-none-eabi/10.3.1/../../../../arm-none-eabi/lib/thumb/v7e-m+fp/hard\libc_nano.a(lib_a-memcpy-stub.o)
                0x0000000008010cc2                memcpy
 .text.memset   0x0000000008010cde       0x10 d:/st/stm32cubeide_1.9.0/stm32cubeide/plugins/com.st.stm32cube.ide.mcu.externaltools.gnu-tools-for-stm32.10.3-2021.10.win32_1.0.0.202111181127/tools/bin/../lib/gcc/arm-none-eabi/10.3.1/../../../../arm-none-eabi/lib/thumb/v7e-m+fp/hard\libc_nano.a(lib_a-memset.o)
                0x0000000008010cde                memset
 *fill*         0x0000000008010cee        0x2 
 .text.sbrk_aligned
                0x0000000008010cf0       0x40 d:/st/stm32cubeide_1.9.0/stm32cubeide/plugins/com.st.stm32cube.ide.mcu.externaltools.gnu-tools-for-stm32.10.3-2021.10.win32_1.0.0.202111181127/tools/bin/../lib/gcc/arm-none-eabi/10.3.1/../../../../arm-none-eabi/lib/thumb/v7e-m+fp/hard\libc_nano.a(lib_a-nano-mallocr.o)
 .text._malloc_r
                0x0000000008010d30       0xe8 d:/st/stm32cubeide_1.9.0/stm32cubeide/plugins/com.st.stm32cube.ide.mcu.externaltools.gnu-tools-for-stm32.10.3-2021.10.win32_1.0.0.202111181127/tools/bin/../lib/gcc/arm-none-eabi/10.3.1/../../../../arm-none-eabi/lib/thumb/v7e-m+fp/hard\libc_nano.a(lib_a-nano-mallocr.o)
                0x0000000008010d30                _malloc_r
 .text.srand    0x0000000008010e18       0x5c d:/st/stm32cubeide_1.9.0/stm32cubeide/plugins/com.st.stm32cube.ide.mcu.externaltools.gnu-tools-for-stm32.10.3-2021.10.win32_1.0.0.202111181127/tools/bin/../lib/gcc/arm-none-eabi/10.3.1/../../../../arm-none-eabi/lib/thumb/v7e-m+fp/hard\libc_nano.a(lib_a-rand.o)
                0x0000000008010e18                srand
 .text.rand     0x0000000008010e74       0x7c d:/st/stm32cubeide_1.9.0/stm32cubeide/plugins/com.st.stm32cube.ide.mcu.externaltools.gnu-tools-for-stm32.10.3-2021.10.win32_1.0.0.202111181127/tools/bin/../lib/gcc/arm-none-eabi/10.3.1/../../../../arm-none-eabi/lib/thumb/v7e-m+fp/hard\libc_nano.a(lib_a-rand.o)
                0x0000000008010e74                rand
 .text.cleanup_glue
                0x0000000008010ef0       0x1a d:/st/stm32cubeide_1.9.0/stm32cubeide/plugins/com.st.stm32cube.ide.mcu.externaltools.gnu-tools-for-stm32.10.3-2021.10.win32_1.0.0.202111181127/tools/bin/../lib/gcc/arm-none-eabi/10.3.1/../../../../arm-none-eabi/lib/thumb/v7e-m+fp/hard\libc_nano.a(lib_a-reent.o)
                0x0000000008010ef0                cleanup_glue
 *fill*         0x0000000008010f0a        0x2 
 .text._reclaim_reent
                0x0000000008010f0c       0xb8 d:/st/stm32cubeide_1.9.0/stm32cubeide/plugins/com.st.stm32cube.ide.mcu.externaltools.gnu-tools-for-stm32.10.3-2021.10.win32_1.0.0.202111181127/tools/bin/../lib/gcc/arm-none-eabi/10.3.1/../../../../arm-none-eabi/lib/thumb/v7e-m+fp/hard\libc_nano.a(lib_a-reent.o)
                0x0000000008010f0c                _reclaim_reent
 .text._sbrk_r  0x0000000008010fc4       0x20 d:/st/stm32cubeide_1.9.0/stm32cubeide/plugins/com.st.stm32cube.ide.mcu.externaltools.gnu-tools-for-stm32.10.3-2021.10.win32_1.0.0.202111181127/tools/bin/../lib/gcc/arm-none-eabi/10.3.1/../../../../arm-none-eabi/lib/thumb/v7e-m+fp/hard\libc_nano.a(lib_a-sbrkr.o)
                0x0000000008010fc4                _sbrk_r
 .text.sprintf  0x0000000008010fe4       0x40 d:/st/stm32cubeide_1.9.0/stm32cubeide/plugins/com.st.stm32cube.ide.mcu.externaltools.gnu-tools-for-stm32.10.3-2021.10.win32_1.0.0.202111181127/tools/bin/../lib/gcc/arm-none-eabi/10.3.1/../../../../arm-none-eabi/lib/thumb/v7e-m+fp/hard\libc_nano.a(lib_a-sprintf.o)
                0x0000000008010fe4                siprintf
                0x0000000008010fe4                sprintf
 .text.__sread  0x0000000008011024       0x22 d:/st/stm32cubeide_1.9.0/stm32cubeide/plugins/com.st.stm32cube.ide.mcu.externaltools.gnu-tools-for-stm32.10.3-2021.10.win32_1.0.0.202111181127/tools/bin/../lib/gcc/arm-none-eabi/10.3.1/../../../../arm-none-eabi/lib/thumb/v7e-m+fp/hard\libc_nano.a(lib_a-stdio.o)
                0x0000000008011024                __sread
 .text.__swrite
                0x0000000008011046       0x38 d:/st/stm32cubeide_1.9.0/stm32cubeide/plugins/com.st.stm32cube.ide.mcu.externaltools.gnu-tools-for-stm32.10.3-2021.10.win32_1.0.0.202111181127/tools/bin/../lib/gcc/arm-none-eabi/10.3.1/../../../../arm-none-eabi/lib/thumb/v7e-m+fp/hard\libc_nano.a(lib_a-stdio.o)
                0x0000000008011046                __swrite
 .text.__sseek  0x000000000801107e       0x24 d:/st/stm32cubeide_1.9.0/stm32cubeide/plugins/com.st.stm32cube.ide.mcu.externaltools.gnu-tools-for-stm32.10.3-2021.10.win32_1.0.0.202111181127/tools/bin/../lib/gcc/arm-none-eabi/10.3.1/../../../../arm-none-eabi/lib/thumb/v7e-m+fp/hard\libc_nano.a(lib_a-stdio.o)
                0x000000000801107e                __sseek
 .text.__sclose
                0x00000000080110a2        0x8 d:/st/stm32cubeide_1.9.0/stm32cubeide/plugins/com.st.stm32cube.ide.mcu.externaltools.gnu-tools-for-stm32.10.3-2021.10.win32_1.0.0.202111181127/tools/bin/../lib/gcc/arm-none-eabi/10.3.1/../../../../arm-none-eabi/lib/thumb/v7e-m+fp/hard\libc_nano.a(lib_a-stdio.o)
                0x00000000080110a2                __sclose
 *fill*         0x00000000080110aa        0x2 
 .text._write_r
                0x00000000080110ac       0x24 d:/st/stm32cubeide_1.9.0/stm32cubeide/plugins/com.st.stm32cube.ide.mcu.externaltools.gnu-tools-for-stm32.10.3-2021.10.win32_1.0.0.202111181127/tools/bin/../lib/gcc/arm-none-eabi/10.3.1/../../../../arm-none-eabi/lib/thumb/v7e-m+fp/hard\libc_nano.a(lib_a-writer.o)
                0x00000000080110ac                _write_r
 .text.__assert_func
                0x00000000080110d0       0x3c d:/st/stm32cubeide_1.9.0/stm32cubeide/plugins/com.st.stm32cube.ide.mcu.externaltools.gnu-tools-for-stm32.10.3-2021.10.win32_1.0.0.202111181127/tools/bin/../lib/gcc/arm-none-eabi/10.3.1/../../../../arm-none-eabi/lib/thumb/v7e-m+fp/hard\libc_nano.a(lib_a-assert.o)
                0x00000000080110d0                __assert_func
 .text._close_r
                0x000000000801110c       0x20 d:/st/stm32cubeide_1.9.0/stm32cubeide/plugins/com.st.stm32cube.ide.mcu.externaltools.gnu-tools-for-stm32.10.3-2021.10.win32_1.0.0.202111181127/tools/bin/../lib/gcc/arm-none-eabi/10.3.1/../../../../arm-none-eabi/lib/thumb/v7e-m+fp/hard\libc_nano.a(lib_a-closer.o)
                0x000000000801110c                _close_r
 .text.__sflush_r
                0x000000000801112c      0x10c d:/st/stm32cubeide_1.9.0/stm32cubeide/plugins/com.st.stm32cube.ide.mcu.externaltools.gnu-tools-for-stm32.10.3-2021.10.win32_1.0.0.202111181127/tools/bin/../lib/gcc/arm-none-eabi/10.3.1/../../../../arm-none-eabi/lib/thumb/v7e-m+fp/hard\libc_nano.a(lib_a-fflush.o)
                0x000000000801112c                __sflush_r
 .text._fflush_r
                0x0000000008011238       0x78 d:/st/stm32cubeide_1.9.0/stm32cubeide/plugins/com.st.stm32cube.ide.mcu.externaltools.gnu-tools-for-stm32.10.3-2021.10.win32_1.0.0.202111181127/tools/bin/../lib/gcc/arm-none-eabi/10.3.1/../../../../arm-none-eabi/lib/thumb/v7e-m+fp/hard\libc_nano.a(lib_a-fflush.o)
                0x0000000008011238                _fflush_r
 .text.fprintf  0x00000000080112b0       0x24 d:/st/stm32cubeide_1.9.0/stm32cubeide/plugins/com.st.stm32cube.ide.mcu.externaltools.gnu-tools-for-stm32.10.3-2021.10.win32_1.0.0.202111181127/tools/bin/../lib/gcc/arm-none-eabi/10.3.1/../../../../arm-none-eabi/lib/thumb/v7e-m+fp/hard\libc_nano.a(lib_a-fprintf.o)
                0x00000000080112b0                fiprintf
                0x00000000080112b0                fprintf
 .text._lseek_r
                0x00000000080112d4       0x24 d:/st/stm32cubeide_1.9.0/stm32cubeide/plugins/com.st.stm32cube.ide.mcu.externaltools.gnu-tools-for-stm32.10.3-2021.10.win32_1.0.0.202111181127/tools/bin/../lib/gcc/arm-none-eabi/10.3.1/../../../../arm-none-eabi/lib/thumb/v7e-m+fp/hard\libc_nano.a(lib_a-lseekr.o)
                0x00000000080112d4                _lseek_r
 .text.malloc   0x00000000080112f8       0x10 d:/st/stm32cubeide_1.9.0/stm32cubeide/plugins/com.st.stm32cube.ide.mcu.externaltools.gnu-tools-for-stm32.10.3-2021.10.win32_1.0.0.202111181127/tools/bin/../lib/gcc/arm-none-eabi/10.3.1/../../../../arm-none-eabi/lib/thumb/v7e-m+fp/hard\libc_nano.a(lib_a-malloc.o)
                0x00000000080112f8                malloc
 .text.__malloc_lock
                0x0000000008011308        0xc d:/st/stm32cubeide_1.9.0/stm32cubeide/plugins/com.st.stm32cube.ide.mcu.externaltools.gnu-tools-for-stm32.10.3-2021.10.win32_1.0.0.202111181127/tools/bin/../lib/gcc/arm-none-eabi/10.3.1/../../../../arm-none-eabi/lib/thumb/v7e-m+fp/hard\libc_nano.a(lib_a-mlock.o)
                0x0000000008011308                __malloc_lock
 .text.__malloc_unlock
                0x0000000008011314        0xc d:/st/stm32cubeide_1.9.0/stm32cubeide/plugins/com.st.stm32cube.ide.mcu.externaltools.gnu-tools-for-stm32.10.3-2021.10.win32_1.0.0.202111181127/tools/bin/../lib/gcc/arm-none-eabi/10.3.1/../../../../arm-none-eabi/lib/thumb/v7e-m+fp/hard\libc_nano.a(lib_a-mlock.o)
                0x0000000008011314                __malloc_unlock